<!doctype html public "-//w3c//dtd html 4.0 transitional//en">
<html><head>
<title>Static Call Graph - [.\objects\AT32F435ZMT7EV.axf]</title></head>
<body><HR>
<H1>Static Call Graph for image .\objects\AT32F435ZMT7EV.axf</H1><HR>
<BR><P>#&#060CALLGRAPH&#062# ARM Linker, 6240002: Last Updated: Wed Mar  4 00:59:33 2026
<BR><P>
<H3>Maximum Stack Usage =        640 bytes + Unknown(Functions without stacksize, Cycles, Untraceable Function Pointers)</H3><H3>
Call chain for Maximum Stack Depth:</H3>
__rt_entry_main &rArr; main &rArr; qspi1_flash_program_page &rArr; qspi1_cmd_read &rArr; qspi_cmd_operation_kick
<P>
<H3>
Functions with no stack information
</H3><UL>
 <LI><a href="#[7e]">__user_initial_stackheap</a>
</UL>
</UL>
<P>
<H3>
Mutually Recursive functions
</H3> <LI><a href="#[5e]">ACC_IRQHandler</a>&nbsp;&nbsp;&nbsp;&rArr;&nbsp;&nbsp;&nbsp;<a href="#[5e]">ACC_IRQHandler</a><BR>
 <LI><a href="#[4]">BusFault_Handler</a>&nbsp;&nbsp;&nbsp;&rArr;&nbsp;&nbsp;&nbsp;<a href="#[4]">BusFault_Handler</a><BR>
 <LI><a href="#[2]">HardFault_Handler</a>&nbsp;&nbsp;&nbsp;&rArr;&nbsp;&nbsp;&nbsp;<a href="#[2]">HardFault_Handler</a><BR>
 <LI><a href="#[3]">MemManage_Handler</a>&nbsp;&nbsp;&nbsp;&rArr;&nbsp;&nbsp;&nbsp;<a href="#[3]">MemManage_Handler</a><BR>
 <LI><a href="#[5]">UsageFault_Handler</a>&nbsp;&nbsp;&nbsp;&rArr;&nbsp;&nbsp;&nbsp;<a href="#[5]">UsageFault_Handler</a><BR>
</UL>
<P>
<H3>
Function Pointers
</H3><UL>
 <LI><a href="#[5e]">ACC_IRQHandler</a> from startup_at32f435_437.o(.text) referenced from startup_at32f435_437.o(RESET)
 <LI><a href="#[1c]">ADC1_2_3_IRQHandler</a> from startup_at32f435_437.o(.text) referenced from startup_at32f435_437.o(RESET)
 <LI><a href="#[4]">BusFault_Handler</a> from at32f435_437_int.o(.text.BusFault_Handler) referenced from startup_at32f435_437.o(RESET)
 <LI><a href="#[1e]">CAN1_RX0_IRQHandler</a> from startup_at32f435_437.o(.text) referenced from startup_at32f435_437.o(RESET)
 <LI><a href="#[1f]">CAN1_RX1_IRQHandler</a> from startup_at32f435_437.o(.text) referenced from startup_at32f435_437.o(RESET)
 <LI><a href="#[20]">CAN1_SE_IRQHandler</a> from startup_at32f435_437.o(.text) referenced from startup_at32f435_437.o(RESET)
 <LI><a href="#[1d]">CAN1_TX_IRQHandler</a> from startup_at32f435_437.o(.text) referenced from startup_at32f435_437.o(RESET)
 <LI><a href="#[4a]">CAN2_RX0_IRQHandler</a> from startup_at32f435_437.o(.text) referenced from startup_at32f435_437.o(RESET)
 <LI><a href="#[4b]">CAN2_RX1_IRQHandler</a> from startup_at32f435_437.o(.text) referenced from startup_at32f435_437.o(RESET)
 <LI><a href="#[4c]">CAN2_SE_IRQHandler</a> from startup_at32f435_437.o(.text) referenced from startup_at32f435_437.o(RESET)
 <LI><a href="#[49]">CAN2_TX_IRQHandler</a> from startup_at32f435_437.o(.text) referenced from startup_at32f435_437.o(RESET)
 <LI><a href="#[f]">CRM_IRQHandler</a> from startup_at32f435_437.o(.text) referenced from startup_at32f435_437.o(RESET)
 <LI><a href="#[42]">DMA1_Channel1_IRQHandler</a> from startup_at32f435_437.o(.text) referenced from startup_at32f435_437.o(RESET)
 <LI><a href="#[43]">DMA1_Channel2_IRQHandler</a> from startup_at32f435_437.o(.text) referenced from startup_at32f435_437.o(RESET)
 <LI><a href="#[44]">DMA1_Channel3_IRQHandler</a> from startup_at32f435_437.o(.text) referenced from startup_at32f435_437.o(RESET)
 <LI><a href="#[45]">DMA1_Channel4_IRQHandler</a> from startup_at32f435_437.o(.text) referenced from startup_at32f435_437.o(RESET)
 <LI><a href="#[46]">DMA1_Channel5_IRQHandler</a> from startup_at32f435_437.o(.text) referenced from startup_at32f435_437.o(RESET)
 <LI><a href="#[4e]">DMA1_Channel6_IRQHandler</a> from startup_at32f435_437.o(.text) referenced from startup_at32f435_437.o(RESET)
 <LI><a href="#[4f]">DMA1_Channel7_IRQHandler</a> from startup_at32f435_437.o(.text) referenced from startup_at32f435_437.o(RESET)
 <LI><a href="#[63]">DMA2_Channel1_IRQHandler</a> from startup_at32f435_437.o(.text) referenced from startup_at32f435_437.o(RESET)
 <LI><a href="#[64]">DMA2_Channel2_IRQHandler</a> from startup_at32f435_437.o(.text) referenced from startup_at32f435_437.o(RESET)
 <LI><a href="#[65]">DMA2_Channel3_IRQHandler</a> from startup_at32f435_437.o(.text) referenced from startup_at32f435_437.o(RESET)
 <LI><a href="#[66]">DMA2_Channel4_IRQHandler</a> from startup_at32f435_437.o(.text) referenced from startup_at32f435_437.o(RESET)
 <LI><a href="#[67]">DMA2_Channel5_IRQHandler</a> from startup_at32f435_437.o(.text) referenced from startup_at32f435_437.o(RESET)
 <LI><a href="#[68]">DMA2_Channel6_IRQHandler</a> from startup_at32f435_437.o(.text) referenced from startup_at32f435_437.o(RESET)
 <LI><a href="#[69]">DMA2_Channel7_IRQHandler</a> from startup_at32f435_437.o(.text) referenced from startup_at32f435_437.o(RESET)
 <LI><a href="#[5c]">DMAMUX_IRQHandler</a> from startup_at32f435_437.o(.text) referenced from startup_at32f435_437.o(RESET)
 <LI><a href="#[55]">DVP_IRQHandler</a> from startup_at32f435_437.o(.text) referenced from startup_at32f435_437.o(RESET)
 <LI><a href="#[7]">DebugMon_Handler</a> from at32f435_437_int.o(.text.DebugMon_Handler) referenced from startup_at32f435_437.o(RESET)
 <LI><a href="#[15]">EDMA_Stream1_IRQHandler</a> from startup_at32f435_437.o(.text) referenced from startup_at32f435_437.o(RESET)
 <LI><a href="#[16]">EDMA_Stream2_IRQHandler</a> from startup_at32f435_437.o(.text) referenced from startup_at32f435_437.o(RESET)
 <LI><a href="#[17]">EDMA_Stream3_IRQHandler</a> from startup_at32f435_437.o(.text) referenced from startup_at32f435_437.o(RESET)
 <LI><a href="#[18]">EDMA_Stream4_IRQHandler</a> from startup_at32f435_437.o(.text) referenced from startup_at32f435_437.o(RESET)
 <LI><a href="#[19]">EDMA_Stream5_IRQHandler</a> from startup_at32f435_437.o(.text) referenced from startup_at32f435_437.o(RESET)
 <LI><a href="#[1a]">EDMA_Stream6_IRQHandler</a> from startup_at32f435_437.o(.text) referenced from startup_at32f435_437.o(RESET)
 <LI><a href="#[1b]">EDMA_Stream7_IRQHandler</a> from startup_at32f435_437.o(.text) referenced from startup_at32f435_437.o(RESET)
 <LI><a href="#[39]">EDMA_Stream8_IRQHandler</a> from startup_at32f435_437.o(.text) referenced from startup_at32f435_437.o(RESET)
 <LI><a href="#[47]">EMAC_IRQHandler</a> from startup_at32f435_437.o(.text) referenced from startup_at32f435_437.o(RESET)
 <LI><a href="#[48]">EMAC_WKUP_IRQHandler</a> from startup_at32f435_437.o(.text) referenced from startup_at32f435_437.o(RESET)
 <LI><a href="#[33]">ERTCAlarm_IRQHandler</a> from startup_at32f435_437.o(.text) referenced from startup_at32f435_437.o(RESET)
 <LI><a href="#[d]">ERTC_WKUP_IRQHandler</a> from startup_at32f435_437.o(.text) referenced from startup_at32f435_437.o(RESET)
 <LI><a href="#[10]">EXINT0_IRQHandler</a> from startup_at32f435_437.o(.text) referenced from startup_at32f435_437.o(RESET)
 <LI><a href="#[32]">EXINT15_10_IRQHandler</a> from startup_at32f435_437.o(.text) referenced from startup_at32f435_437.o(RESET)
 <LI><a href="#[11]">EXINT1_IRQHandler</a> from startup_at32f435_437.o(.text) referenced from startup_at32f435_437.o(RESET)
 <LI><a href="#[12]">EXINT2_IRQHandler</a> from startup_at32f435_437.o(.text) referenced from startup_at32f435_437.o(RESET)
 <LI><a href="#[13]">EXINT3_IRQHandler</a> from startup_at32f435_437.o(.text) referenced from startup_at32f435_437.o(RESET)
 <LI><a href="#[14]">EXINT4_IRQHandler</a> from startup_at32f435_437.o(.text) referenced from startup_at32f435_437.o(RESET)
 <LI><a href="#[21]">EXINT9_5_IRQHandler</a> from startup_at32f435_437.o(.text) referenced from startup_at32f435_437.o(RESET)
 <LI><a href="#[e]">FLASH_IRQHandler</a> from startup_at32f435_437.o(.text) referenced from startup_at32f435_437.o(RESET)
 <LI><a href="#[56]">FPU_IRQHandler</a> from startup_at32f435_437.o(.text) referenced from startup_at32f435_437.o(RESET)
 <LI><a href="#[2]">HardFault_Handler</a> from at32f435_437_int.o(.text.HardFault_Handler) referenced from startup_at32f435_437.o(RESET)
 <LI><a href="#[2a]">I2C1_ERR_IRQHandler</a> from startup_at32f435_437.o(.text) referenced from startup_at32f435_437.o(RESET)
 <LI><a href="#[29]">I2C1_EVT_IRQHandler</a> from startup_at32f435_437.o(.text) referenced from startup_at32f435_437.o(RESET)
 <LI><a href="#[2c]">I2C2_ERR_IRQHandler</a> from startup_at32f435_437.o(.text) referenced from startup_at32f435_437.o(RESET)
 <LI><a href="#[2b]">I2C2_EVT_IRQHandler</a> from startup_at32f435_437.o(.text) referenced from startup_at32f435_437.o(RESET)
 <LI><a href="#[52]">I2C3_ERR_IRQHandler</a> from startup_at32f435_437.o(.text) referenced from startup_at32f435_437.o(RESET)
 <LI><a href="#[51]">I2C3_EVT_IRQHandler</a> from startup_at32f435_437.o(.text) referenced from startup_at32f435_437.o(RESET)
 <LI><a href="#[3]">MemManage_Handler</a> from at32f435_437_int.o(.text.MemManage_Handler) referenced from startup_at32f435_437.o(RESET)
 <LI><a href="#[1]">NMI_Handler</a> from at32f435_437_int.o(.text.NMI_Handler) referenced from startup_at32f435_437.o(RESET)
 <LI><a href="#[4d]">OTGFS1_IRQHandler</a> from startup_at32f435_437.o(.text) referenced from startup_at32f435_437.o(RESET)
 <LI><a href="#[34]">OTGFS1_WKUP_IRQHandler</a> from startup_at32f435_437.o(.text) referenced from startup_at32f435_437.o(RESET)
 <LI><a href="#[54]">OTGFS2_IRQHandler</a> from startup_at32f435_437.o(.text) referenced from startup_at32f435_437.o(RESET)
 <LI><a href="#[53]">OTGFS2_WKUP_IRQHandler</a> from startup_at32f435_437.o(.text) referenced from startup_at32f435_437.o(RESET)
 <LI><a href="#[b]">PVM_IRQHandler</a> from startup_at32f435_437.o(.text) referenced from startup_at32f435_437.o(RESET)
 <LI><a href="#[8]">PendSV_Handler</a> from at32f435_437_int.o(.text.PendSV_Handler) referenced from startup_at32f435_437.o(RESET)
 <LI><a href="#[5b]">QSPI1_IRQHandler</a> from at32f435_437_int.o(.text.QSPI1_IRQHandler) referenced from startup_at32f435_437.o(RESET)
 <LI><a href="#[5a]">QSPI2_IRQHandler</a> from startup_at32f435_437.o(.text) referenced from startup_at32f435_437.o(RESET)
 <LI><a href="#[0]">Reset_Handler</a> from startup_at32f435_437.o(.text) referenced from startup_at32f435_437.o(RESET)
 <LI><a href="#[3b]">SDIO1_IRQHandler</a> from startup_at32f435_437.o(.text) referenced from startup_at32f435_437.o(RESET)
 <LI><a href="#[5d]">SDIO2_IRQHandler</a> from startup_at32f435_437.o(.text) referenced from startup_at32f435_437.o(RESET)
 <LI><a href="#[2d]">SPI1_IRQHandler</a> from startup_at32f435_437.o(.text) referenced from startup_at32f435_437.o(RESET)
 <LI><a href="#[2e]">SPI2_I2S2EXT_IRQHandler</a> from startup_at32f435_437.o(.text) referenced from startup_at32f435_437.o(RESET)
 <LI><a href="#[3d]">SPI3_I2S3EXT_IRQHandler</a> from startup_at32f435_437.o(.text) referenced from startup_at32f435_437.o(RESET)
 <LI><a href="#[59]">SPI4_IRQHandler</a> from startup_at32f435_437.o(.text) referenced from startup_at32f435_437.o(RESET)
 <LI><a href="#[6]">SVC_Handler</a> from at32f435_437_int.o(.text.SVC_Handler) referenced from startup_at32f435_437.o(RESET)
 <LI><a href="#[9]">SysTick_Handler</a> from at32f435_437_int.o(.text.SysTick_Handler) referenced from startup_at32f435_437.o(RESET)
 <LI><a href="#[6a]">SystemInit</a> from system_at32f435_437.o(.text.SystemInit) referenced from startup_at32f435_437.o(.text)
 <LI><a href="#[c]">TAMP_STAMP_IRQHandler</a> from startup_at32f435_437.o(.text) referenced from startup_at32f435_437.o(RESET)
 <LI><a href="#[22]">TMR1_BRK_TMR9_IRQHandler</a> from startup_at32f435_437.o(.text) referenced from startup_at32f435_437.o(RESET)
 <LI><a href="#[25]">TMR1_CH_IRQHandler</a> from startup_at32f435_437.o(.text) referenced from startup_at32f435_437.o(RESET)
 <LI><a href="#[23]">TMR1_OVF_TMR10_IRQHandler</a> from startup_at32f435_437.o(.text) referenced from startup_at32f435_437.o(RESET)
 <LI><a href="#[24]">TMR1_TRG_HALL_TMR11_IRQHandler</a> from startup_at32f435_437.o(.text) referenced from startup_at32f435_437.o(RESET)
 <LI><a href="#[5f]">TMR20_BRK_IRQHandler</a> from startup_at32f435_437.o(.text) referenced from startup_at32f435_437.o(RESET)
 <LI><a href="#[62]">TMR20_CH_IRQHandler</a> from startup_at32f435_437.o(.text) referenced from startup_at32f435_437.o(RESET)
 <LI><a href="#[60]">TMR20_OVF_IRQHandler</a> from startup_at32f435_437.o(.text) referenced from startup_at32f435_437.o(RESET)
 <LI><a href="#[61]">TMR20_TRG_HALL_IRQHandler</a> from startup_at32f435_437.o(.text) referenced from startup_at32f435_437.o(RESET)
 <LI><a href="#[26]">TMR2_GLOBAL_IRQHandler</a> from startup_at32f435_437.o(.text) referenced from startup_at32f435_437.o(RESET)
 <LI><a href="#[27]">TMR3_GLOBAL_IRQHandler</a> from startup_at32f435_437.o(.text) referenced from startup_at32f435_437.o(RESET)
 <LI><a href="#[28]">TMR4_GLOBAL_IRQHandler</a> from startup_at32f435_437.o(.text) referenced from startup_at32f435_437.o(RESET)
 <LI><a href="#[3c]">TMR5_GLOBAL_IRQHandler</a> from startup_at32f435_437.o(.text) referenced from startup_at32f435_437.o(RESET)
 <LI><a href="#[40]">TMR6_DAC_GLOBAL_IRQHandler</a> from startup_at32f435_437.o(.text) referenced from startup_at32f435_437.o(RESET)
 <LI><a href="#[41]">TMR7_GLOBAL_IRQHandler</a> from startup_at32f435_437.o(.text) referenced from startup_at32f435_437.o(RESET)
 <LI><a href="#[35]">TMR8_BRK_TMR12_IRQHandler</a> from startup_at32f435_437.o(.text) referenced from startup_at32f435_437.o(RESET)
 <LI><a href="#[38]">TMR8_CH_IRQHandler</a> from startup_at32f435_437.o(.text) referenced from startup_at32f435_437.o(RESET)
 <LI><a href="#[36]">TMR8_OVF_TMR13_IRQHandler</a> from startup_at32f435_437.o(.text) referenced from startup_at32f435_437.o(RESET)
 <LI><a href="#[37]">TMR8_TRG_HALL_TMR14_IRQHandler</a> from startup_at32f435_437.o(.text) referenced from startup_at32f435_437.o(RESET)
 <LI><a href="#[3e]">UART4_IRQHandler</a> from startup_at32f435_437.o(.text) referenced from startup_at32f435_437.o(RESET)
 <LI><a href="#[3f]">UART5_IRQHandler</a> from startup_at32f435_437.o(.text) referenced from startup_at32f435_437.o(RESET)
 <LI><a href="#[57]">UART7_IRQHandler</a> from startup_at32f435_437.o(.text) referenced from startup_at32f435_437.o(RESET)
 <LI><a href="#[58]">UART8_IRQHandler</a> from startup_at32f435_437.o(.text) referenced from startup_at32f435_437.o(RESET)
 <LI><a href="#[2f]">USART1_IRQHandler</a> from startup_at32f435_437.o(.text) referenced from startup_at32f435_437.o(RESET)
 <LI><a href="#[30]">USART2_IRQHandler</a> from startup_at32f435_437.o(.text) referenced from startup_at32f435_437.o(RESET)
 <LI><a href="#[31]">USART3_IRQHandler</a> from startup_at32f435_437.o(.text) referenced from startup_at32f435_437.o(RESET)
 <LI><a href="#[50]">USART6_IRQHandler</a> from startup_at32f435_437.o(.text) referenced from startup_at32f435_437.o(RESET)
 <LI><a href="#[5]">UsageFault_Handler</a> from at32f435_437_int.o(.text.UsageFault_Handler) referenced from startup_at32f435_437.o(RESET)
 <LI><a href="#[a]">WWDT_IRQHandler</a> from startup_at32f435_437.o(.text) referenced from startup_at32f435_437.o(RESET)
 <LI><a href="#[3a]">XMC_IRQHandler</a> from startup_at32f435_437.o(.text) referenced from startup_at32f435_437.o(RESET)
 <LI><a href="#[6b]">__main</a> from __main.o(!!!main) referenced from startup_at32f435_437.o(.text)
</UL>
<P>
<H3>
Global Symbols
</H3>
<P><STRONG><a name="[6b]"></a>__main</STRONG> (Thumb, 8 bytes, Stack size 0 bytes, __main.o(!!!main))
<BR><BR>[Calls]<UL><LI><a href="#[6d]">&gt;&gt;</a>&nbsp;&nbsp;&nbsp;__rt_entry
<LI><a href="#[6c]">&gt;&gt;</a>&nbsp;&nbsp;&nbsp;__scatterload
</UL>
<BR>[Address Reference Count : 1]<UL><LI> startup_at32f435_437.o(.text)
</UL>
<P><STRONG><a name="[6c]"></a>__scatterload</STRONG> (Thumb, 0 bytes, Stack size unknown bytes, __scatter.o(!!!scatter))
<BR><BR>[Called By]<UL><LI><a href="#[6b]">&gt;&gt;</a>&nbsp;&nbsp;&nbsp;__main
</UL>

<P><STRONG><a name="[6e]"></a>__scatterload_rt2</STRONG> (Thumb, 84 bytes, Stack size unknown bytes, __scatter.o(!!!scatter), UNUSED)
<BR><BR>[Calls]<UL><LI><a href="#[6d]">&gt;&gt;</a>&nbsp;&nbsp;&nbsp;__rt_entry
</UL>

<P><STRONG><a name="[d4]"></a>__scatterload_rt2_thumb_only</STRONG> (Thumb, 0 bytes, Stack size unknown bytes, __scatter.o(!!!scatter), UNUSED)

<P><STRONG><a name="[d5]"></a>__scatterload_loop</STRONG> (Thumb, 0 bytes, Stack size unknown bytes, __scatter.o(!!!scatter), UNUSED)

<P><STRONG><a name="[6f]"></a>__scatterload_copy</STRONG> (Thumb, 26 bytes, Stack size unknown bytes, __scatter_copy.o(!!handler_copy), UNUSED)
<BR><BR>[Calls]<UL><LI><a href="#[6f]">&gt;&gt;</a>&nbsp;&nbsp;&nbsp;__scatterload_copy
</UL>
<BR>[Called By]<UL><LI><a href="#[6f]">&gt;&gt;</a>&nbsp;&nbsp;&nbsp;__scatterload_copy
</UL>

<P><STRONG><a name="[d6]"></a>__scatterload_null</STRONG> (Thumb, 2 bytes, Stack size unknown bytes, __scatter.o(!!handler_null), UNUSED)

<P><STRONG><a name="[d7]"></a>__scatterload_zeroinit</STRONG> (Thumb, 28 bytes, Stack size unknown bytes, __scatter_zi.o(!!handler_zi), UNUSED)

<P><STRONG><a name="[75]"></a>__rt_lib_init</STRONG> (Thumb, 0 bytes, Stack size unknown bytes, libinit.o(.ARM.Collect$$libinit$$00000000))
<BR><BR>[Called By]<UL><LI><a href="#[74]">&gt;&gt;</a>&nbsp;&nbsp;&nbsp;__rt_entry_li
</UL>

<P><STRONG><a name="[70]"></a>__rt_lib_init_fp_1</STRONG> (Thumb, 0 bytes, Stack size unknown bytes, libinit2.o(.ARM.Collect$$libinit$$00000001))
<BR><BR>[Calls]<UL><LI><a href="#[71]">&gt;&gt;</a>&nbsp;&nbsp;&nbsp;_fp_init
</UL>

<P><STRONG><a name="[d8]"></a>__rt_lib_init_alloca_1</STRONG> (Thumb, 0 bytes, Stack size unknown bytes, libinit2.o(.ARM.Collect$$libinit$$00000030))

<P><STRONG><a name="[d9]"></a>__rt_lib_init_argv_1</STRONG> (Thumb, 0 bytes, Stack size unknown bytes, libinit2.o(.ARM.Collect$$libinit$$0000002E))

<P><STRONG><a name="[da]"></a>__rt_lib_init_atexit_1</STRONG> (Thumb, 0 bytes, Stack size unknown bytes, libinit2.o(.ARM.Collect$$libinit$$0000001D))

<P><STRONG><a name="[db]"></a>__rt_lib_init_clock_1</STRONG> (Thumb, 0 bytes, Stack size unknown bytes, libinit2.o(.ARM.Collect$$libinit$$00000023))

<P><STRONG><a name="[dc]"></a>__rt_lib_init_cpp_1</STRONG> (Thumb, 0 bytes, Stack size unknown bytes, libinit2.o(.ARM.Collect$$libinit$$00000034))

<P><STRONG><a name="[dd]"></a>__rt_lib_init_exceptions_1</STRONG> (Thumb, 0 bytes, Stack size unknown bytes, libinit2.o(.ARM.Collect$$libinit$$00000032))

<P><STRONG><a name="[de]"></a>__rt_lib_init_fp_trap_1</STRONG> (Thumb, 0 bytes, Stack size unknown bytes, libinit2.o(.ARM.Collect$$libinit$$00000021))

<P><STRONG><a name="[df]"></a>__rt_lib_init_getenv_1</STRONG> (Thumb, 0 bytes, Stack size unknown bytes, libinit2.o(.ARM.Collect$$libinit$$00000025))

<P><STRONG><a name="[e0]"></a>__rt_lib_init_heap_1</STRONG> (Thumb, 0 bytes, Stack size unknown bytes, libinit2.o(.ARM.Collect$$libinit$$0000000C))

<P><STRONG><a name="[e1]"></a>__rt_lib_init_lc_collate_1</STRONG> (Thumb, 0 bytes, Stack size unknown bytes, libinit2.o(.ARM.Collect$$libinit$$00000013))

<P><STRONG><a name="[e2]"></a>__rt_lib_init_lc_ctype_1</STRONG> (Thumb, 0 bytes, Stack size unknown bytes, libinit2.o(.ARM.Collect$$libinit$$00000015))

<P><STRONG><a name="[e3]"></a>__rt_lib_init_lc_monetary_1</STRONG> (Thumb, 0 bytes, Stack size unknown bytes, libinit2.o(.ARM.Collect$$libinit$$00000017))

<P><STRONG><a name="[e4]"></a>__rt_lib_init_lc_numeric_1</STRONG> (Thumb, 0 bytes, Stack size unknown bytes, libinit2.o(.ARM.Collect$$libinit$$00000019))

<P><STRONG><a name="[e5]"></a>__rt_lib_init_lc_time_1</STRONG> (Thumb, 0 bytes, Stack size unknown bytes, libinit2.o(.ARM.Collect$$libinit$$0000001B))

<P><STRONG><a name="[e6]"></a>__rt_lib_init_preinit_1</STRONG> (Thumb, 0 bytes, Stack size unknown bytes, libinit2.o(.ARM.Collect$$libinit$$00000006))

<P><STRONG><a name="[e7]"></a>__rt_lib_init_rand_1</STRONG> (Thumb, 0 bytes, Stack size unknown bytes, libinit2.o(.ARM.Collect$$libinit$$00000010))

<P><STRONG><a name="[e8]"></a>__rt_lib_init_relocate_pie_1</STRONG> (Thumb, 0 bytes, Stack size unknown bytes, libinit2.o(.ARM.Collect$$libinit$$00000004))

<P><STRONG><a name="[e9]"></a>__rt_lib_init_return</STRONG> (Thumb, 0 bytes, Stack size unknown bytes, libinit2.o(.ARM.Collect$$libinit$$00000035))

<P><STRONG><a name="[ea]"></a>__rt_lib_init_signal_1</STRONG> (Thumb, 0 bytes, Stack size unknown bytes, libinit2.o(.ARM.Collect$$libinit$$0000001F))

<P><STRONG><a name="[eb]"></a>__rt_lib_init_stdio_1</STRONG> (Thumb, 0 bytes, Stack size unknown bytes, libinit2.o(.ARM.Collect$$libinit$$00000027))

<P><STRONG><a name="[ec]"></a>__rt_lib_init_user_alloc_1</STRONG> (Thumb, 0 bytes, Stack size unknown bytes, libinit2.o(.ARM.Collect$$libinit$$0000000E))

<P><STRONG><a name="[7a]"></a>__rt_lib_shutdown</STRONG> (Thumb, 0 bytes, Stack size unknown bytes, libshutdown.o(.ARM.Collect$$libshutdown$$00000000))
<BR><BR>[Called By]<UL><LI><a href="#[79]">&gt;&gt;</a>&nbsp;&nbsp;&nbsp;__rt_exit_ls
</UL>

<P><STRONG><a name="[ed]"></a>__rt_lib_shutdown_cpp_1</STRONG> (Thumb, 0 bytes, Stack size unknown bytes, libshutdown2.o(.ARM.Collect$$libshutdown$$00000002))

<P><STRONG><a name="[ee]"></a>__rt_lib_shutdown_fp_trap_1</STRONG> (Thumb, 0 bytes, Stack size unknown bytes, libshutdown2.o(.ARM.Collect$$libshutdown$$00000007))

<P><STRONG><a name="[ef]"></a>__rt_lib_shutdown_heap_1</STRONG> (Thumb, 0 bytes, Stack size unknown bytes, libshutdown2.o(.ARM.Collect$$libshutdown$$0000000F))

<P><STRONG><a name="[f0]"></a>__rt_lib_shutdown_return</STRONG> (Thumb, 0 bytes, Stack size unknown bytes, libshutdown2.o(.ARM.Collect$$libshutdown$$00000010))

<P><STRONG><a name="[f1]"></a>__rt_lib_shutdown_signal_1</STRONG> (Thumb, 0 bytes, Stack size unknown bytes, libshutdown2.o(.ARM.Collect$$libshutdown$$0000000A))

<P><STRONG><a name="[f2]"></a>__rt_lib_shutdown_stdio_1</STRONG> (Thumb, 0 bytes, Stack size unknown bytes, libshutdown2.o(.ARM.Collect$$libshutdown$$00000004))

<P><STRONG><a name="[f3]"></a>__rt_lib_shutdown_user_alloc_1</STRONG> (Thumb, 0 bytes, Stack size unknown bytes, libshutdown2.o(.ARM.Collect$$libshutdown$$0000000C))

<P><STRONG><a name="[6d]"></a>__rt_entry</STRONG> (Thumb, 0 bytes, Stack size unknown bytes, __rtentry.o(.ARM.Collect$$rtentry$$00000000))
<BR><BR>[Called By]<UL><LI><a href="#[6b]">&gt;&gt;</a>&nbsp;&nbsp;&nbsp;__main
<LI><a href="#[6e]">&gt;&gt;</a>&nbsp;&nbsp;&nbsp;__scatterload_rt2
</UL>

<P><STRONG><a name="[f4]"></a>__rt_entry_presh_1</STRONG> (Thumb, 0 bytes, Stack size unknown bytes, __rtentry2.o(.ARM.Collect$$rtentry$$00000002))

<P><STRONG><a name="[72]"></a>__rt_entry_sh</STRONG> (Thumb, 0 bytes, Stack size unknown bytes, __rtentry4.o(.ARM.Collect$$rtentry$$00000004))
<BR><BR>[Stack]<UL><LI>Max Depth = 8 + Unknown Stack Size
<LI>Call Chain = __rt_entry_sh &rArr; __user_setup_stackheap
</UL>
<BR>[Calls]<UL><LI><a href="#[73]">&gt;&gt;</a>&nbsp;&nbsp;&nbsp;__user_setup_stackheap
</UL>

<P><STRONG><a name="[74]"></a>__rt_entry_li</STRONG> (Thumb, 0 bytes, Stack size unknown bytes, __rtentry2.o(.ARM.Collect$$rtentry$$0000000A))
<BR><BR>[Calls]<UL><LI><a href="#[75]">&gt;&gt;</a>&nbsp;&nbsp;&nbsp;__rt_lib_init
</UL>

<P><STRONG><a name="[f5]"></a>__rt_entry_postsh_1</STRONG> (Thumb, 0 bytes, Stack size unknown bytes, __rtentry2.o(.ARM.Collect$$rtentry$$00000009))

<P><STRONG><a name="[76]"></a>__rt_entry_main</STRONG> (Thumb, 0 bytes, Stack size unknown bytes, __rtentry2.o(.ARM.Collect$$rtentry$$0000000D))
<BR><BR>[Stack]<UL><LI>Max Depth = 640 + Unknown Stack Size
<LI>Call Chain = __rt_entry_main &rArr; main &rArr; qspi1_flash_program_page &rArr; qspi1_cmd_read &rArr; qspi_cmd_operation_kick
</UL>
<BR>[Calls]<UL><LI><a href="#[77]">&gt;&gt;</a>&nbsp;&nbsp;&nbsp;main
<LI><a href="#[78]">&gt;&gt;</a>&nbsp;&nbsp;&nbsp;exit
</UL>

<P><STRONG><a name="[f6]"></a>__rt_entry_postli_1</STRONG> (Thumb, 0 bytes, Stack size unknown bytes, __rtentry2.o(.ARM.Collect$$rtentry$$0000000C))

<P><STRONG><a name="[7f]"></a>__rt_exit</STRONG> (Thumb, 0 bytes, Stack size unknown bytes, rtexit.o(.ARM.Collect$$rtexit$$00000000))
<BR><BR>[Called By]<UL><LI><a href="#[78]">&gt;&gt;</a>&nbsp;&nbsp;&nbsp;exit
</UL>

<P><STRONG><a name="[79]"></a>__rt_exit_ls</STRONG> (Thumb, 0 bytes, Stack size unknown bytes, rtexit2.o(.ARM.Collect$$rtexit$$00000003))
<BR><BR>[Calls]<UL><LI><a href="#[7a]">&gt;&gt;</a>&nbsp;&nbsp;&nbsp;__rt_lib_shutdown
</UL>

<P><STRONG><a name="[f7]"></a>__rt_exit_prels_1</STRONG> (Thumb, 0 bytes, Stack size unknown bytes, rtexit2.o(.ARM.Collect$$rtexit$$00000002))

<P><STRONG><a name="[7b]"></a>__rt_exit_exit</STRONG> (Thumb, 0 bytes, Stack size unknown bytes, rtexit2.o(.ARM.Collect$$rtexit$$00000004))
<BR><BR>[Calls]<UL><LI><a href="#[7c]">&gt;&gt;</a>&nbsp;&nbsp;&nbsp;_sys_exit
</UL>

<P><STRONG><a name="[0]"></a>Reset_Handler</STRONG> (Thumb, 8 bytes, Stack size 0 bytes, startup_at32f435_437.o(.text))
<BR>[Address Reference Count : 1]<UL><LI> startup_at32f435_437.o(RESET)
</UL>
<P><STRONG><a name="[5e]"></a>ACC_IRQHandler</STRONG> (Thumb, 0 bytes, Stack size 0 bytes, startup_at32f435_437.o(.text))
<BR><BR>[Calls]<UL><LI><a href="#[5e]">&gt;&gt;</a>&nbsp;&nbsp;&nbsp;ACC_IRQHandler
</UL>
<BR>[Called By]<UL><LI><a href="#[5e]">&gt;&gt;</a>&nbsp;&nbsp;&nbsp;ACC_IRQHandler
</UL>
<BR>[Address Reference Count : 1]<UL><LI> startup_at32f435_437.o(RESET)
</UL>
<P><STRONG><a name="[1c]"></a>ADC1_2_3_IRQHandler</STRONG> (Thumb, 0 bytes, Stack size 0 bytes, startup_at32f435_437.o(.text))
<BR>[Address Reference Count : 1]<UL><LI> startup_at32f435_437.o(RESET)
</UL>
<P><STRONG><a name="[1e]"></a>CAN1_RX0_IRQHandler</STRONG> (Thumb, 0 bytes, Stack size 0 bytes, startup_at32f435_437.o(.text))
<BR>[Address Reference Count : 1]<UL><LI> startup_at32f435_437.o(RESET)
</UL>
<P><STRONG><a name="[1f]"></a>CAN1_RX1_IRQHandler</STRONG> (Thumb, 0 bytes, Stack size 0 bytes, startup_at32f435_437.o(.text))
<BR>[Address Reference Count : 1]<UL><LI> startup_at32f435_437.o(RESET)
</UL>
<P><STRONG><a name="[20]"></a>CAN1_SE_IRQHandler</STRONG> (Thumb, 0 bytes, Stack size 0 bytes, startup_at32f435_437.o(.text))
<BR>[Address Reference Count : 1]<UL><LI> startup_at32f435_437.o(RESET)
</UL>
<P><STRONG><a name="[1d]"></a>CAN1_TX_IRQHandler</STRONG> (Thumb, 0 bytes, Stack size 0 bytes, startup_at32f435_437.o(.text))
<BR>[Address Reference Count : 1]<UL><LI> startup_at32f435_437.o(RESET)
</UL>
<P><STRONG><a name="[4a]"></a>CAN2_RX0_IRQHandler</STRONG> (Thumb, 0 bytes, Stack size 0 bytes, startup_at32f435_437.o(.text))
<BR>[Address Reference Count : 1]<UL><LI> startup_at32f435_437.o(RESET)
</UL>
<P><STRONG><a name="[4b]"></a>CAN2_RX1_IRQHandler</STRONG> (Thumb, 0 bytes, Stack size 0 bytes, startup_at32f435_437.o(.text))
<BR>[Address Reference Count : 1]<UL><LI> startup_at32f435_437.o(RESET)
</UL>
<P><STRONG><a name="[4c]"></a>CAN2_SE_IRQHandler</STRONG> (Thumb, 0 bytes, Stack size 0 bytes, startup_at32f435_437.o(.text))
<BR>[Address Reference Count : 1]<UL><LI> startup_at32f435_437.o(RESET)
</UL>
<P><STRONG><a name="[49]"></a>CAN2_TX_IRQHandler</STRONG> (Thumb, 0 bytes, Stack size 0 bytes, startup_at32f435_437.o(.text))
<BR>[Address Reference Count : 1]<UL><LI> startup_at32f435_437.o(RESET)
</UL>
<P><STRONG><a name="[f]"></a>CRM_IRQHandler</STRONG> (Thumb, 0 bytes, Stack size 0 bytes, startup_at32f435_437.o(.text))
<BR>[Address Reference Count : 1]<UL><LI> startup_at32f435_437.o(RESET)
</UL>
<P><STRONG><a name="[42]"></a>DMA1_Channel1_IRQHandler</STRONG> (Thumb, 0 bytes, Stack size 0 bytes, startup_at32f435_437.o(.text))
<BR>[Address Reference Count : 1]<UL><LI> startup_at32f435_437.o(RESET)
</UL>
<P><STRONG><a name="[43]"></a>DMA1_Channel2_IRQHandler</STRONG> (Thumb, 0 bytes, Stack size 0 bytes, startup_at32f435_437.o(.text))
<BR>[Address Reference Count : 1]<UL><LI> startup_at32f435_437.o(RESET)
</UL>
<P><STRONG><a name="[44]"></a>DMA1_Channel3_IRQHandler</STRONG> (Thumb, 0 bytes, Stack size 0 bytes, startup_at32f435_437.o(.text))
<BR>[Address Reference Count : 1]<UL><LI> startup_at32f435_437.o(RESET)
</UL>
<P><STRONG><a name="[45]"></a>DMA1_Channel4_IRQHandler</STRONG> (Thumb, 0 bytes, Stack size 0 bytes, startup_at32f435_437.o(.text))
<BR>[Address Reference Count : 1]<UL><LI> startup_at32f435_437.o(RESET)
</UL>
<P><STRONG><a name="[46]"></a>DMA1_Channel5_IRQHandler</STRONG> (Thumb, 0 bytes, Stack size 0 bytes, startup_at32f435_437.o(.text))
<BR>[Address Reference Count : 1]<UL><LI> startup_at32f435_437.o(RESET)
</UL>
<P><STRONG><a name="[4e]"></a>DMA1_Channel6_IRQHandler</STRONG> (Thumb, 0 bytes, Stack size 0 bytes, startup_at32f435_437.o(.text))
<BR>[Address Reference Count : 1]<UL><LI> startup_at32f435_437.o(RESET)
</UL>
<P><STRONG><a name="[4f]"></a>DMA1_Channel7_IRQHandler</STRONG> (Thumb, 0 bytes, Stack size 0 bytes, startup_at32f435_437.o(.text))
<BR>[Address Reference Count : 1]<UL><LI> startup_at32f435_437.o(RESET)
</UL>
<P><STRONG><a name="[63]"></a>DMA2_Channel1_IRQHandler</STRONG> (Thumb, 0 bytes, Stack size 0 bytes, startup_at32f435_437.o(.text))
<BR>[Address Reference Count : 1]<UL><LI> startup_at32f435_437.o(RESET)
</UL>
<P><STRONG><a name="[64]"></a>DMA2_Channel2_IRQHandler</STRONG> (Thumb, 0 bytes, Stack size 0 bytes, startup_at32f435_437.o(.text))
<BR>[Address Reference Count : 1]<UL><LI> startup_at32f435_437.o(RESET)
</UL>
<P><STRONG><a name="[65]"></a>DMA2_Channel3_IRQHandler</STRONG> (Thumb, 0 bytes, Stack size 0 bytes, startup_at32f435_437.o(.text))
<BR>[Address Reference Count : 1]<UL><LI> startup_at32f435_437.o(RESET)
</UL>
<P><STRONG><a name="[66]"></a>DMA2_Channel4_IRQHandler</STRONG> (Thumb, 0 bytes, Stack size 0 bytes, startup_at32f435_437.o(.text))
<BR>[Address Reference Count : 1]<UL><LI> startup_at32f435_437.o(RESET)
</UL>
<P><STRONG><a name="[67]"></a>DMA2_Channel5_IRQHandler</STRONG> (Thumb, 0 bytes, Stack size 0 bytes, startup_at32f435_437.o(.text))
<BR>[Address Reference Count : 1]<UL><LI> startup_at32f435_437.o(RESET)
</UL>
<P><STRONG><a name="[68]"></a>DMA2_Channel6_IRQHandler</STRONG> (Thumb, 0 bytes, Stack size 0 bytes, startup_at32f435_437.o(.text))
<BR>[Address Reference Count : 1]<UL><LI> startup_at32f435_437.o(RESET)
</UL>
<P><STRONG><a name="[69]"></a>DMA2_Channel7_IRQHandler</STRONG> (Thumb, 0 bytes, Stack size 0 bytes, startup_at32f435_437.o(.text))
<BR>[Address Reference Count : 1]<UL><LI> startup_at32f435_437.o(RESET)
</UL>
<P><STRONG><a name="[5c]"></a>DMAMUX_IRQHandler</STRONG> (Thumb, 0 bytes, Stack size 0 bytes, startup_at32f435_437.o(.text))
<BR>[Address Reference Count : 1]<UL><LI> startup_at32f435_437.o(RESET)
</UL>
<P><STRONG><a name="[55]"></a>DVP_IRQHandler</STRONG> (Thumb, 0 bytes, Stack size 0 bytes, startup_at32f435_437.o(.text))
<BR>[Address Reference Count : 1]<UL><LI> startup_at32f435_437.o(RESET)
</UL>
<P><STRONG><a name="[15]"></a>EDMA_Stream1_IRQHandler</STRONG> (Thumb, 0 bytes, Stack size 0 bytes, startup_at32f435_437.o(.text))
<BR>[Address Reference Count : 1]<UL><LI> startup_at32f435_437.o(RESET)
</UL>
<P><STRONG><a name="[16]"></a>EDMA_Stream2_IRQHandler</STRONG> (Thumb, 0 bytes, Stack size 0 bytes, startup_at32f435_437.o(.text))
<BR>[Address Reference Count : 1]<UL><LI> startup_at32f435_437.o(RESET)
</UL>
<P><STRONG><a name="[17]"></a>EDMA_Stream3_IRQHandler</STRONG> (Thumb, 0 bytes, Stack size 0 bytes, startup_at32f435_437.o(.text))
<BR>[Address Reference Count : 1]<UL><LI> startup_at32f435_437.o(RESET)
</UL>
<P><STRONG><a name="[18]"></a>EDMA_Stream4_IRQHandler</STRONG> (Thumb, 0 bytes, Stack size 0 bytes, startup_at32f435_437.o(.text))
<BR>[Address Reference Count : 1]<UL><LI> startup_at32f435_437.o(RESET)
</UL>
<P><STRONG><a name="[19]"></a>EDMA_Stream5_IRQHandler</STRONG> (Thumb, 0 bytes, Stack size 0 bytes, startup_at32f435_437.o(.text))
<BR>[Address Reference Count : 1]<UL><LI> startup_at32f435_437.o(RESET)
</UL>
<P><STRONG><a name="[1a]"></a>EDMA_Stream6_IRQHandler</STRONG> (Thumb, 0 bytes, Stack size 0 bytes, startup_at32f435_437.o(.text))
<BR>[Address Reference Count : 1]<UL><LI> startup_at32f435_437.o(RESET)
</UL>
<P><STRONG><a name="[1b]"></a>EDMA_Stream7_IRQHandler</STRONG> (Thumb, 0 bytes, Stack size 0 bytes, startup_at32f435_437.o(.text))
<BR>[Address Reference Count : 1]<UL><LI> startup_at32f435_437.o(RESET)
</UL>
<P><STRONG><a name="[39]"></a>EDMA_Stream8_IRQHandler</STRONG> (Thumb, 0 bytes, Stack size 0 bytes, startup_at32f435_437.o(.text))
<BR>[Address Reference Count : 1]<UL><LI> startup_at32f435_437.o(RESET)
</UL>
<P><STRONG><a name="[47]"></a>EMAC_IRQHandler</STRONG> (Thumb, 0 bytes, Stack size 0 bytes, startup_at32f435_437.o(.text))
<BR>[Address Reference Count : 1]<UL><LI> startup_at32f435_437.o(RESET)
</UL>
<P><STRONG><a name="[48]"></a>EMAC_WKUP_IRQHandler</STRONG> (Thumb, 0 bytes, Stack size 0 bytes, startup_at32f435_437.o(.text))
<BR>[Address Reference Count : 1]<UL><LI> startup_at32f435_437.o(RESET)
</UL>
<P><STRONG><a name="[33]"></a>ERTCAlarm_IRQHandler</STRONG> (Thumb, 0 bytes, Stack size 0 bytes, startup_at32f435_437.o(.text))
<BR>[Address Reference Count : 1]<UL><LI> startup_at32f435_437.o(RESET)
</UL>
<P><STRONG><a name="[d]"></a>ERTC_WKUP_IRQHandler</STRONG> (Thumb, 0 bytes, Stack size 0 bytes, startup_at32f435_437.o(.text))
<BR>[Address Reference Count : 1]<UL><LI> startup_at32f435_437.o(RESET)
</UL>
<P><STRONG><a name="[10]"></a>EXINT0_IRQHandler</STRONG> (Thumb, 0 bytes, Stack size 0 bytes, startup_at32f435_437.o(.text))
<BR>[Address Reference Count : 1]<UL><LI> startup_at32f435_437.o(RESET)
</UL>
<P><STRONG><a name="[32]"></a>EXINT15_10_IRQHandler</STRONG> (Thumb, 0 bytes, Stack size 0 bytes, startup_at32f435_437.o(.text))
<BR>[Address Reference Count : 1]<UL><LI> startup_at32f435_437.o(RESET)
</UL>
<P><STRONG><a name="[11]"></a>EXINT1_IRQHandler</STRONG> (Thumb, 0 bytes, Stack size 0 bytes, startup_at32f435_437.o(.text))
<BR>[Address Reference Count : 1]<UL><LI> startup_at32f435_437.o(RESET)
</UL>
<P><STRONG><a name="[12]"></a>EXINT2_IRQHandler</STRONG> (Thumb, 0 bytes, Stack size 0 bytes, startup_at32f435_437.o(.text))
<BR>[Address Reference Count : 1]<UL><LI> startup_at32f435_437.o(RESET)
</UL>
<P><STRONG><a name="[13]"></a>EXINT3_IRQHandler</STRONG> (Thumb, 0 bytes, Stack size 0 bytes, startup_at32f435_437.o(.text))
<BR>[Address Reference Count : 1]<UL><LI> startup_at32f435_437.o(RESET)
</UL>
<P><STRONG><a name="[14]"></a>EXINT4_IRQHandler</STRONG> (Thumb, 0 bytes, Stack size 0 bytes, startup_at32f435_437.o(.text))
<BR>[Address Reference Count : 1]<UL><LI> startup_at32f435_437.o(RESET)
</UL>
<P><STRONG><a name="[21]"></a>EXINT9_5_IRQHandler</STRONG> (Thumb, 0 bytes, Stack size 0 bytes, startup_at32f435_437.o(.text))
<BR>[Address Reference Count : 1]<UL><LI> startup_at32f435_437.o(RESET)
</UL>
<P><STRONG><a name="[e]"></a>FLASH_IRQHandler</STRONG> (Thumb, 0 bytes, Stack size 0 bytes, startup_at32f435_437.o(.text))
<BR>[Address Reference Count : 1]<UL><LI> startup_at32f435_437.o(RESET)
</UL>
<P><STRONG><a name="[56]"></a>FPU_IRQHandler</STRONG> (Thumb, 0 bytes, Stack size 0 bytes, startup_at32f435_437.o(.text))
<BR>[Address Reference Count : 1]<UL><LI> startup_at32f435_437.o(RESET)
</UL>
<P><STRONG><a name="[2a]"></a>I2C1_ERR_IRQHandler</STRONG> (Thumb, 0 bytes, Stack size 0 bytes, startup_at32f435_437.o(.text))
<BR>[Address Reference Count : 1]<UL><LI> startup_at32f435_437.o(RESET)
</UL>
<P><STRONG><a name="[29]"></a>I2C1_EVT_IRQHandler</STRONG> (Thumb, 0 bytes, Stack size 0 bytes, startup_at32f435_437.o(.text))
<BR>[Address Reference Count : 1]<UL><LI> startup_at32f435_437.o(RESET)
</UL>
<P><STRONG><a name="[2c]"></a>I2C2_ERR_IRQHandler</STRONG> (Thumb, 0 bytes, Stack size 0 bytes, startup_at32f435_437.o(.text))
<BR>[Address Reference Count : 1]<UL><LI> startup_at32f435_437.o(RESET)
</UL>
<P><STRONG><a name="[2b]"></a>I2C2_EVT_IRQHandler</STRONG> (Thumb, 0 bytes, Stack size 0 bytes, startup_at32f435_437.o(.text))
<BR>[Address Reference Count : 1]<UL><LI> startup_at32f435_437.o(RESET)
</UL>
<P><STRONG><a name="[52]"></a>I2C3_ERR_IRQHandler</STRONG> (Thumb, 0 bytes, Stack size 0 bytes, startup_at32f435_437.o(.text))
<BR>[Address Reference Count : 1]<UL><LI> startup_at32f435_437.o(RESET)
</UL>
<P><STRONG><a name="[51]"></a>I2C3_EVT_IRQHandler</STRONG> (Thumb, 0 bytes, Stack size 0 bytes, startup_at32f435_437.o(.text))
<BR>[Address Reference Count : 1]<UL><LI> startup_at32f435_437.o(RESET)
</UL>
<P><STRONG><a name="[4d]"></a>OTGFS1_IRQHandler</STRONG> (Thumb, 0 bytes, Stack size 0 bytes, startup_at32f435_437.o(.text))
<BR>[Address Reference Count : 1]<UL><LI> startup_at32f435_437.o(RESET)
</UL>
<P><STRONG><a name="[34]"></a>OTGFS1_WKUP_IRQHandler</STRONG> (Thumb, 0 bytes, Stack size 0 bytes, startup_at32f435_437.o(.text))
<BR>[Address Reference Count : 1]<UL><LI> startup_at32f435_437.o(RESET)
</UL>
<P><STRONG><a name="[54]"></a>OTGFS2_IRQHandler</STRONG> (Thumb, 0 bytes, Stack size 0 bytes, startup_at32f435_437.o(.text))
<BR>[Address Reference Count : 1]<UL><LI> startup_at32f435_437.o(RESET)
</UL>
<P><STRONG><a name="[53]"></a>OTGFS2_WKUP_IRQHandler</STRONG> (Thumb, 0 bytes, Stack size 0 bytes, startup_at32f435_437.o(.text))
<BR>[Address Reference Count : 1]<UL><LI> startup_at32f435_437.o(RESET)
</UL>
<P><STRONG><a name="[b]"></a>PVM_IRQHandler</STRONG> (Thumb, 0 bytes, Stack size 0 bytes, startup_at32f435_437.o(.text))
<BR>[Address Reference Count : 1]<UL><LI> startup_at32f435_437.o(RESET)
</UL>
<P><STRONG><a name="[5a]"></a>QSPI2_IRQHandler</STRONG> (Thumb, 0 bytes, Stack size 0 bytes, startup_at32f435_437.o(.text))
<BR>[Address Reference Count : 1]<UL><LI> startup_at32f435_437.o(RESET)
</UL>
<P><STRONG><a name="[3b]"></a>SDIO1_IRQHandler</STRONG> (Thumb, 0 bytes, Stack size 0 bytes, startup_at32f435_437.o(.text))
<BR>[Address Reference Count : 1]<UL><LI> startup_at32f435_437.o(RESET)
</UL>
<P><STRONG><a name="[5d]"></a>SDIO2_IRQHandler</STRONG> (Thumb, 0 bytes, Stack size 0 bytes, startup_at32f435_437.o(.text))
<BR>[Address Reference Count : 1]<UL><LI> startup_at32f435_437.o(RESET)
</UL>
<P><STRONG><a name="[2d]"></a>SPI1_IRQHandler</STRONG> (Thumb, 0 bytes, Stack size 0 bytes, startup_at32f435_437.o(.text))
<BR>[Address Reference Count : 1]<UL><LI> startup_at32f435_437.o(RESET)
</UL>
<P><STRONG><a name="[2e]"></a>SPI2_I2S2EXT_IRQHandler</STRONG> (Thumb, 0 bytes, Stack size 0 bytes, startup_at32f435_437.o(.text))
<BR>[Address Reference Count : 1]<UL><LI> startup_at32f435_437.o(RESET)
</UL>
<P><STRONG><a name="[3d]"></a>SPI3_I2S3EXT_IRQHandler</STRONG> (Thumb, 0 bytes, Stack size 0 bytes, startup_at32f435_437.o(.text))
<BR>[Address Reference Count : 1]<UL><LI> startup_at32f435_437.o(RESET)
</UL>
<P><STRONG><a name="[59]"></a>SPI4_IRQHandler</STRONG> (Thumb, 0 bytes, Stack size 0 bytes, startup_at32f435_437.o(.text))
<BR>[Address Reference Count : 1]<UL><LI> startup_at32f435_437.o(RESET)
</UL>
<P><STRONG><a name="[c]"></a>TAMP_STAMP_IRQHandler</STRONG> (Thumb, 0 bytes, Stack size 0 bytes, startup_at32f435_437.o(.text))
<BR>[Address Reference Count : 1]<UL><LI> startup_at32f435_437.o(RESET)
</UL>
<P><STRONG><a name="[22]"></a>TMR1_BRK_TMR9_IRQHandler</STRONG> (Thumb, 0 bytes, Stack size 0 bytes, startup_at32f435_437.o(.text))
<BR>[Address Reference Count : 1]<UL><LI> startup_at32f435_437.o(RESET)
</UL>
<P><STRONG><a name="[25]"></a>TMR1_CH_IRQHandler</STRONG> (Thumb, 0 bytes, Stack size 0 bytes, startup_at32f435_437.o(.text))
<BR>[Address Reference Count : 1]<UL><LI> startup_at32f435_437.o(RESET)
</UL>
<P><STRONG><a name="[23]"></a>TMR1_OVF_TMR10_IRQHandler</STRONG> (Thumb, 0 bytes, Stack size 0 bytes, startup_at32f435_437.o(.text))
<BR>[Address Reference Count : 1]<UL><LI> startup_at32f435_437.o(RESET)
</UL>
<P><STRONG><a name="[24]"></a>TMR1_TRG_HALL_TMR11_IRQHandler</STRONG> (Thumb, 0 bytes, Stack size 0 bytes, startup_at32f435_437.o(.text))
<BR>[Address Reference Count : 1]<UL><LI> startup_at32f435_437.o(RESET)
</UL>
<P><STRONG><a name="[5f]"></a>TMR20_BRK_IRQHandler</STRONG> (Thumb, 0 bytes, Stack size 0 bytes, startup_at32f435_437.o(.text))
<BR>[Address Reference Count : 1]<UL><LI> startup_at32f435_437.o(RESET)
</UL>
<P><STRONG><a name="[62]"></a>TMR20_CH_IRQHandler</STRONG> (Thumb, 0 bytes, Stack size 0 bytes, startup_at32f435_437.o(.text))
<BR>[Address Reference Count : 1]<UL><LI> startup_at32f435_437.o(RESET)
</UL>
<P><STRONG><a name="[60]"></a>TMR20_OVF_IRQHandler</STRONG> (Thumb, 0 bytes, Stack size 0 bytes, startup_at32f435_437.o(.text))
<BR>[Address Reference Count : 1]<UL><LI> startup_at32f435_437.o(RESET)
</UL>
<P><STRONG><a name="[61]"></a>TMR20_TRG_HALL_IRQHandler</STRONG> (Thumb, 0 bytes, Stack size 0 bytes, startup_at32f435_437.o(.text))
<BR>[Address Reference Count : 1]<UL><LI> startup_at32f435_437.o(RESET)
</UL>
<P><STRONG><a name="[26]"></a>TMR2_GLOBAL_IRQHandler</STRONG> (Thumb, 0 bytes, Stack size 0 bytes, startup_at32f435_437.o(.text))
<BR>[Address Reference Count : 1]<UL><LI> startup_at32f435_437.o(RESET)
</UL>
<P><STRONG><a name="[27]"></a>TMR3_GLOBAL_IRQHandler</STRONG> (Thumb, 0 bytes, Stack size 0 bytes, startup_at32f435_437.o(.text))
<BR>[Address Reference Count : 1]<UL><LI> startup_at32f435_437.o(RESET)
</UL>
<P><STRONG><a name="[28]"></a>TMR4_GLOBAL_IRQHandler</STRONG> (Thumb, 0 bytes, Stack size 0 bytes, startup_at32f435_437.o(.text))
<BR>[Address Reference Count : 1]<UL><LI> startup_at32f435_437.o(RESET)
</UL>
<P><STRONG><a name="[3c]"></a>TMR5_GLOBAL_IRQHandler</STRONG> (Thumb, 0 bytes, Stack size 0 bytes, startup_at32f435_437.o(.text))
<BR>[Address Reference Count : 1]<UL><LI> startup_at32f435_437.o(RESET)
</UL>
<P><STRONG><a name="[40]"></a>TMR6_DAC_GLOBAL_IRQHandler</STRONG> (Thumb, 0 bytes, Stack size 0 bytes, startup_at32f435_437.o(.text))
<BR>[Address Reference Count : 1]<UL><LI> startup_at32f435_437.o(RESET)
</UL>
<P><STRONG><a name="[41]"></a>TMR7_GLOBAL_IRQHandler</STRONG> (Thumb, 0 bytes, Stack size 0 bytes, startup_at32f435_437.o(.text))
<BR>[Address Reference Count : 1]<UL><LI> startup_at32f435_437.o(RESET)
</UL>
<P><STRONG><a name="[35]"></a>TMR8_BRK_TMR12_IRQHandler</STRONG> (Thumb, 0 bytes, Stack size 0 bytes, startup_at32f435_437.o(.text))
<BR>[Address Reference Count : 1]<UL><LI> startup_at32f435_437.o(RESET)
</UL>
<P><STRONG><a name="[38]"></a>TMR8_CH_IRQHandler</STRONG> (Thumb, 0 bytes, Stack size 0 bytes, startup_at32f435_437.o(.text))
<BR>[Address Reference Count : 1]<UL><LI> startup_at32f435_437.o(RESET)
</UL>
<P><STRONG><a name="[36]"></a>TMR8_OVF_TMR13_IRQHandler</STRONG> (Thumb, 0 bytes, Stack size 0 bytes, startup_at32f435_437.o(.text))
<BR>[Address Reference Count : 1]<UL><LI> startup_at32f435_437.o(RESET)
</UL>
<P><STRONG><a name="[37]"></a>TMR8_TRG_HALL_TMR14_IRQHandler</STRONG> (Thumb, 0 bytes, Stack size 0 bytes, startup_at32f435_437.o(.text))
<BR>[Address Reference Count : 1]<UL><LI> startup_at32f435_437.o(RESET)
</UL>
<P><STRONG><a name="[3e]"></a>UART4_IRQHandler</STRONG> (Thumb, 0 bytes, Stack size 0 bytes, startup_at32f435_437.o(.text))
<BR>[Address Reference Count : 1]<UL><LI> startup_at32f435_437.o(RESET)
</UL>
<P><STRONG><a name="[3f]"></a>UART5_IRQHandler</STRONG> (Thumb, 0 bytes, Stack size 0 bytes, startup_at32f435_437.o(.text))
<BR>[Address Reference Count : 1]<UL><LI> startup_at32f435_437.o(RESET)
</UL>
<P><STRONG><a name="[57]"></a>UART7_IRQHandler</STRONG> (Thumb, 0 bytes, Stack size 0 bytes, startup_at32f435_437.o(.text))
<BR>[Address Reference Count : 1]<UL><LI> startup_at32f435_437.o(RESET)
</UL>
<P><STRONG><a name="[58]"></a>UART8_IRQHandler</STRONG> (Thumb, 0 bytes, Stack size 0 bytes, startup_at32f435_437.o(.text))
<BR>[Address Reference Count : 1]<UL><LI> startup_at32f435_437.o(RESET)
</UL>
<P><STRONG><a name="[2f]"></a>USART1_IRQHandler</STRONG> (Thumb, 0 bytes, Stack size 0 bytes, startup_at32f435_437.o(.text))
<BR>[Address Reference Count : 1]<UL><LI> startup_at32f435_437.o(RESET)
</UL>
<P><STRONG><a name="[30]"></a>USART2_IRQHandler</STRONG> (Thumb, 0 bytes, Stack size 0 bytes, startup_at32f435_437.o(.text))
<BR>[Address Reference Count : 1]<UL><LI> startup_at32f435_437.o(RESET)
</UL>
<P><STRONG><a name="[31]"></a>USART3_IRQHandler</STRONG> (Thumb, 0 bytes, Stack size 0 bytes, startup_at32f435_437.o(.text))
<BR>[Address Reference Count : 1]<UL><LI> startup_at32f435_437.o(RESET)
</UL>
<P><STRONG><a name="[50]"></a>USART6_IRQHandler</STRONG> (Thumb, 0 bytes, Stack size 0 bytes, startup_at32f435_437.o(.text))
<BR>[Address Reference Count : 1]<UL><LI> startup_at32f435_437.o(RESET)
</UL>
<P><STRONG><a name="[a]"></a>WWDT_IRQHandler</STRONG> (Thumb, 0 bytes, Stack size 0 bytes, startup_at32f435_437.o(.text))
<BR>[Address Reference Count : 1]<UL><LI> startup_at32f435_437.o(RESET)
</UL>
<P><STRONG><a name="[3a]"></a>XMC_IRQHandler</STRONG> (Thumb, 0 bytes, Stack size 0 bytes, startup_at32f435_437.o(.text))
<BR>[Address Reference Count : 1]<UL><LI> startup_at32f435_437.o(RESET)
</UL>
<P><STRONG><a name="[7e]"></a>__user_initial_stackheap</STRONG> (Thumb, 0 bytes, Stack size unknown bytes, startup_at32f435_437.o(.text))
<BR><BR>[Called By]<UL><LI><a href="#[73]">&gt;&gt;</a>&nbsp;&nbsp;&nbsp;__user_setup_stackheap
</UL>

<P><STRONG><a name="[a4]"></a>__aeabi_memclr4</STRONG> (Thumb, 0 bytes, Stack size unknown bytes, rt_memclr_w.o(.text))
<BR><BR>[Called By]<UL><LI><a href="#[77]">&gt;&gt;</a>&nbsp;&nbsp;&nbsp;main
</UL>

<P><STRONG><a name="[f8]"></a>__aeabi_memclr8</STRONG> (Thumb, 0 bytes, Stack size unknown bytes, rt_memclr_w.o(.text), UNUSED)

<P><STRONG><a name="[f9]"></a>__rt_memclr_w</STRONG> (Thumb, 0 bytes, Stack size unknown bytes, rt_memclr_w.o(.text), UNUSED)

<P><STRONG><a name="[fa]"></a>_memset_w</STRONG> (Thumb, 74 bytes, Stack size 4 bytes, rt_memclr_w.o(.text), UNUSED)

<P><STRONG><a name="[fb]"></a>__use_two_region_memory</STRONG> (Thumb, 2 bytes, Stack size 0 bytes, heapauxi.o(.text), UNUSED)

<P><STRONG><a name="[fc]"></a>__rt_heap_escrow$2region</STRONG> (Thumb, 2 bytes, Stack size 0 bytes, heapauxi.o(.text), UNUSED)

<P><STRONG><a name="[fd]"></a>__rt_heap_expand$2region</STRONG> (Thumb, 2 bytes, Stack size 0 bytes, heapauxi.o(.text), UNUSED)

<P><STRONG><a name="[73]"></a>__user_setup_stackheap</STRONG> (Thumb, 74 bytes, Stack size 8 bytes, sys_stackheap_outer.o(.text))
<BR><BR>[Stack]<UL><LI>Max Depth = 8 + Unknown Stack Size
<LI>Call Chain = __user_setup_stackheap
</UL>
<BR>[Calls]<UL><LI><a href="#[7e]">&gt;&gt;</a>&nbsp;&nbsp;&nbsp;__user_initial_stackheap
<LI><a href="#[7d]">&gt;&gt;</a>&nbsp;&nbsp;&nbsp;__user_perproc_libspace
</UL>
<BR>[Called By]<UL><LI><a href="#[72]">&gt;&gt;</a>&nbsp;&nbsp;&nbsp;__rt_entry_sh
</UL>

<P><STRONG><a name="[78]"></a>exit</STRONG> (Thumb, 18 bytes, Stack size 8 bytes, exit.o(.text))
<BR><BR>[Stack]<UL><LI>Max Depth = 8 + Unknown Stack Size
<LI>Call Chain = exit
</UL>
<BR>[Calls]<UL><LI><a href="#[7f]">&gt;&gt;</a>&nbsp;&nbsp;&nbsp;__rt_exit
</UL>
<BR>[Called By]<UL><LI><a href="#[76]">&gt;&gt;</a>&nbsp;&nbsp;&nbsp;__rt_entry_main
</UL>

<P><STRONG><a name="[fe]"></a>__user_libspace</STRONG> (Thumb, 8 bytes, Stack size 0 bytes, libspace.o(.text), UNUSED)

<P><STRONG><a name="[7d]"></a>__user_perproc_libspace</STRONG> (Thumb, 0 bytes, Stack size 0 bytes, libspace.o(.text))
<BR><BR>[Called By]<UL><LI><a href="#[73]">&gt;&gt;</a>&nbsp;&nbsp;&nbsp;__user_setup_stackheap
</UL>

<P><STRONG><a name="[ff]"></a>__user_perthread_libspace</STRONG> (Thumb, 0 bytes, Stack size 0 bytes, libspace.o(.text), UNUSED)

<P><STRONG><a name="[7c]"></a>_sys_exit</STRONG> (Thumb, 8 bytes, Stack size 0 bytes, sys_exit.o(.text))
<BR><BR>[Called By]<UL><LI><a href="#[7b]">&gt;&gt;</a>&nbsp;&nbsp;&nbsp;__rt_exit_exit
</UL>

<P><STRONG><a name="[100]"></a>__I$use$semihosting</STRONG> (Thumb, 0 bytes, Stack size 0 bytes, use_no_semi.o(.text), UNUSED)

<P><STRONG><a name="[101]"></a>__use_no_semihosting_swi</STRONG> (Thumb, 2 bytes, Stack size 0 bytes, use_no_semi.o(.text), UNUSED)

<P><STRONG><a name="[102]"></a>__semihosting_library_function</STRONG> (Thumb, 0 bytes, Stack size unknown bytes, indicate_semi.o(.text), UNUSED)

<P><STRONG><a name="[4]"></a>BusFault_Handler</STRONG> (Thumb, 2 bytes, Stack size 0 bytes, at32f435_437_int.o(.text.BusFault_Handler))
<BR><BR>[Calls]<UL><LI><a href="#[4]">&gt;&gt;</a>&nbsp;&nbsp;&nbsp;BusFault_Handler
</UL>
<BR>[Called By]<UL><LI><a href="#[4]">&gt;&gt;</a>&nbsp;&nbsp;&nbsp;BusFault_Handler
</UL>
<BR>[Address Reference Count : 1]<UL><LI> startup_at32f435_437.o(RESET)
</UL>
<P><STRONG><a name="[7]"></a>DebugMon_Handler</STRONG> (Thumb, 2 bytes, Stack size 0 bytes, at32f435_437_int.o(.text.DebugMon_Handler))
<BR>[Address Reference Count : 1]<UL><LI> startup_at32f435_437.o(RESET)
</UL>
<P><STRONG><a name="[2]"></a>HardFault_Handler</STRONG> (Thumb, 2 bytes, Stack size 0 bytes, at32f435_437_int.o(.text.HardFault_Handler))
<BR><BR>[Calls]<UL><LI><a href="#[2]">&gt;&gt;</a>&nbsp;&nbsp;&nbsp;HardFault_Handler
</UL>
<BR>[Called By]<UL><LI><a href="#[2]">&gt;&gt;</a>&nbsp;&nbsp;&nbsp;HardFault_Handler
</UL>
<BR>[Address Reference Count : 1]<UL><LI> startup_at32f435_437.o(RESET)
</UL>
<P><STRONG><a name="[3]"></a>MemManage_Handler</STRONG> (Thumb, 2 bytes, Stack size 0 bytes, at32f435_437_int.o(.text.MemManage_Handler))
<BR><BR>[Calls]<UL><LI><a href="#[3]">&gt;&gt;</a>&nbsp;&nbsp;&nbsp;MemManage_Handler
</UL>
<BR>[Called By]<UL><LI><a href="#[3]">&gt;&gt;</a>&nbsp;&nbsp;&nbsp;MemManage_Handler
</UL>
<BR>[Address Reference Count : 1]<UL><LI> startup_at32f435_437.o(RESET)
</UL>
<P><STRONG><a name="[1]"></a>NMI_Handler</STRONG> (Thumb, 2 bytes, Stack size 0 bytes, at32f435_437_int.o(.text.NMI_Handler))
<BR>[Address Reference Count : 1]<UL><LI> startup_at32f435_437.o(RESET)
</UL>
<P><STRONG><a name="[8]"></a>PendSV_Handler</STRONG> (Thumb, 2 bytes, Stack size 0 bytes, at32f435_437_int.o(.text.PendSV_Handler))
<BR>[Address Reference Count : 1]<UL><LI> startup_at32f435_437.o(RESET)
</UL>
<P><STRONG><a name="[5b]"></a>QSPI1_IRQHandler</STRONG> (Thumb, 36 bytes, Stack size 8 bytes, at32f435_437_int.o(.text.QSPI1_IRQHandler))
<BR><BR>[Stack]<UL><LI>Max Depth = 8<LI>Call Chain = QSPI1_IRQHandler
</UL>
<BR>[Calls]<UL><LI><a href="#[81]">&gt;&gt;</a>&nbsp;&nbsp;&nbsp;qspi_flag_clear
<LI><a href="#[80]">&gt;&gt;</a>&nbsp;&nbsp;&nbsp;qspi_interrupt_flag_get
</UL>
<BR>[Address Reference Count : 1]<UL><LI> startup_at32f435_437.o(RESET)
</UL>
<P><STRONG><a name="[6]"></a>SVC_Handler</STRONG> (Thumb, 2 bytes, Stack size 0 bytes, at32f435_437_int.o(.text.SVC_Handler))
<BR>[Address Reference Count : 1]<UL><LI> startup_at32f435_437.o(RESET)
</UL>
<P><STRONG><a name="[9]"></a>SysTick_Handler</STRONG> (Thumb, 2 bytes, Stack size 0 bytes, at32f435_437_int.o(.text.SysTick_Handler))
<BR>[Address Reference Count : 1]<UL><LI> startup_at32f435_437.o(RESET)
</UL>
<P><STRONG><a name="[6a]"></a>SystemInit</STRONG> (Thumb, 104 bytes, Stack size 0 bytes, system_at32f435_437.o(.text.SystemInit))
<BR>[Address Reference Count : 1]<UL><LI> startup_at32f435_437.o(.text)
</UL>
<P><STRONG><a name="[5]"></a>UsageFault_Handler</STRONG> (Thumb, 2 bytes, Stack size 0 bytes, at32f435_437_int.o(.text.UsageFault_Handler))
<BR><BR>[Calls]<UL><LI><a href="#[5]">&gt;&gt;</a>&nbsp;&nbsp;&nbsp;UsageFault_Handler
</UL>
<BR>[Called By]<UL><LI><a href="#[5]">&gt;&gt;</a>&nbsp;&nbsp;&nbsp;UsageFault_Handler
</UL>
<BR>[Address Reference Count : 1]<UL><LI> startup_at32f435_437.o(RESET)
</UL>
<P><STRONG><a name="[b1]"></a>acc_calibration_mode_enable</STRONG> (Thumb, 32 bytes, Stack size 0 bytes, at32f435_437_acc.o(.text.acc_calibration_mode_enable))
<BR><BR>[Called By]<UL><LI><a href="#[90]">&gt;&gt;</a>&nbsp;&nbsp;&nbsp;wk_acc_init
</UL>

<P><STRONG><a name="[b0]"></a>acc_sof_select</STRONG> (Thumb, 16 bytes, Stack size 0 bytes, at32f435_437_acc.o(.text.acc_sof_select))
<BR><BR>[Called By]<UL><LI><a href="#[90]">&gt;&gt;</a>&nbsp;&nbsp;&nbsp;wk_acc_init
</UL>

<P><STRONG><a name="[ad]"></a>acc_write_c1</STRONG> (Thumb, 12 bytes, Stack size 0 bytes, at32f435_437_acc.o(.text.acc_write_c1))
<BR><BR>[Called By]<UL><LI><a href="#[90]">&gt;&gt;</a>&nbsp;&nbsp;&nbsp;wk_acc_init
</UL>

<P><STRONG><a name="[ae]"></a>acc_write_c2</STRONG> (Thumb, 12 bytes, Stack size 0 bytes, at32f435_437_acc.o(.text.acc_write_c2))
<BR><BR>[Called By]<UL><LI><a href="#[90]">&gt;&gt;</a>&nbsp;&nbsp;&nbsp;wk_acc_init
</UL>

<P><STRONG><a name="[af]"></a>acc_write_c3</STRONG> (Thumb, 12 bytes, Stack size 0 bytes, at32f435_437_acc.o(.text.acc_write_c3))
<BR><BR>[Called By]<UL><LI><a href="#[90]">&gt;&gt;</a>&nbsp;&nbsp;&nbsp;wk_acc_init
</UL>

<P><STRONG><a name="[c8]"></a>crm_ahb_div_set</STRONG> (Thumb, 26 bytes, Stack size 0 bytes, at32f435_437_crm.o(.text.crm_ahb_div_set))
<BR><BR>[Called By]<UL><LI><a href="#[88]">&gt;&gt;</a>&nbsp;&nbsp;&nbsp;wk_system_clock_config
</UL>

<P><STRONG><a name="[ca]"></a>crm_apb1_div_set</STRONG> (Thumb, 26 bytes, Stack size 0 bytes, at32f435_437_crm.o(.text.crm_apb1_div_set))
<BR><BR>[Called By]<UL><LI><a href="#[88]">&gt;&gt;</a>&nbsp;&nbsp;&nbsp;wk_system_clock_config
</UL>

<P><STRONG><a name="[c9]"></a>crm_apb2_div_set</STRONG> (Thumb, 26 bytes, Stack size 0 bytes, at32f435_437_crm.o(.text.crm_apb2_div_set))
<BR><BR>[Called By]<UL><LI><a href="#[88]">&gt;&gt;</a>&nbsp;&nbsp;&nbsp;wk_system_clock_config
</UL>

<P><STRONG><a name="[cb]"></a>crm_auto_step_mode_enable</STRONG> (Thumb, 24 bytes, Stack size 0 bytes, at32f435_437_crm.o(.text.crm_auto_step_mode_enable))
<BR><BR>[Called By]<UL><LI><a href="#[88]">&gt;&gt;</a>&nbsp;&nbsp;&nbsp;wk_system_clock_config
</UL>

<P><STRONG><a name="[c4]"></a>crm_clock_source_enable</STRONG> (Thumb, 122 bytes, Stack size 0 bytes, at32f435_437_crm.o(.text.crm_clock_source_enable))
<BR><BR>[Called By]<UL><LI><a href="#[88]">&gt;&gt;</a>&nbsp;&nbsp;&nbsp;wk_system_clock_config
</UL>

<P><STRONG><a name="[ac]"></a>crm_clocks_freq_get</STRONG> (Thumb, 164 bytes, Stack size 8 bytes, at32f435_437_crm.o(.text.crm_clocks_freq_get))
<BR><BR>[Stack]<UL><LI>Max Depth = 8<LI>Call Chain = crm_clocks_freq_get
</UL>
<BR>[Called By]<UL><LI><a href="#[ab]">&gt;&gt;</a>&nbsp;&nbsp;&nbsp;usart_init
<LI><a href="#[8b]">&gt;&gt;</a>&nbsp;&nbsp;&nbsp;wk_timebase_init
</UL>

<P><STRONG><a name="[c5]"></a>crm_flag_get</STRONG> (Thumb, 26 bytes, Stack size 0 bytes, at32f435_437_crm.o(.text.crm_flag_get))
<BR><BR>[Called By]<UL><LI><a href="#[88]">&gt;&gt;</a>&nbsp;&nbsp;&nbsp;wk_system_clock_config
</UL>

<P><STRONG><a name="[c6]"></a>crm_hext_stable_wait</STRONG> (Thumb, 36 bytes, Stack size 0 bytes, at32f435_437_crm.o(.text.crm_hext_stable_wait))
<BR><BR>[Called By]<UL><LI><a href="#[88]">&gt;&gt;</a>&nbsp;&nbsp;&nbsp;wk_system_clock_config
</UL>

<P><STRONG><a name="[b7]"></a>crm_periph_clock_enable</STRONG> (Thumb, 40 bytes, Stack size 0 bytes, at32f435_437_crm.o(.text.crm_periph_clock_enable))
<BR><BR>[Called By]<UL><LI><a href="#[89]">&gt;&gt;</a>&nbsp;&nbsp;&nbsp;wk_periph_clock_config
<LI><a href="#[88]">&gt;&gt;</a>&nbsp;&nbsp;&nbsp;wk_system_clock_config
</UL>

<P><STRONG><a name="[c7]"></a>crm_pll_config</STRONG> (Thumb, 90 bytes, Stack size 8 bytes, at32f435_437_crm.o(.text.crm_pll_config))
<BR><BR>[Stack]<UL><LI>Max Depth = 8<LI>Call Chain = crm_pll_config
</UL>
<BR>[Called By]<UL><LI><a href="#[88]">&gt;&gt;</a>&nbsp;&nbsp;&nbsp;wk_system_clock_config
</UL>

<P><STRONG><a name="[c3]"></a>crm_reset</STRONG> (Thumb, 80 bytes, Stack size 0 bytes, at32f435_437_crm.o(.text.crm_reset))
<BR><BR>[Called By]<UL><LI><a href="#[88]">&gt;&gt;</a>&nbsp;&nbsp;&nbsp;wk_system_clock_config
</UL>

<P><STRONG><a name="[cc]"></a>crm_sysclk_switch</STRONG> (Thumb, 58 bytes, Stack size 0 bytes, at32f435_437_crm.o(.text.crm_sysclk_switch))
<BR><BR>[Called By]<UL><LI><a href="#[88]">&gt;&gt;</a>&nbsp;&nbsp;&nbsp;wk_system_clock_config
</UL>

<P><STRONG><a name="[aa]"></a>crm_sysclk_switch_status_get</STRONG> (Thumb, 16 bytes, Stack size 0 bytes, at32f435_437_crm.o(.text.crm_sysclk_switch_status_get))
<BR><BR>[Called By]<UL><LI><a href="#[a9]">&gt;&gt;</a>&nbsp;&nbsp;&nbsp;system_core_clock_update
<LI><a href="#[88]">&gt;&gt;</a>&nbsp;&nbsp;&nbsp;wk_system_clock_config
</UL>

<P><STRONG><a name="[d3]"></a>crm_usb_clock_source_select</STRONG> (Thumb, 46 bytes, Stack size 0 bytes, at32f435_437_crm.o(.text.crm_usb_clock_source_select))
<BR><BR>[Called By]<UL><LI><a href="#[91]">&gt;&gt;</a>&nbsp;&nbsp;&nbsp;wk_usb_otgfs1_init
</UL>

<P><STRONG><a name="[b3]"></a>exint_default_para_init</STRONG> (Thumb, 12 bytes, Stack size 0 bytes, at32f435_437_exint.o(.text.exint_default_para_init))
<BR><BR>[Called By]<UL><LI><a href="#[95]">&gt;&gt;</a>&nbsp;&nbsp;&nbsp;wk_exint_config
</UL>

<P><STRONG><a name="[b4]"></a>exint_init</STRONG> (Thumb, 114 bytes, Stack size 0 bytes, at32f435_437_exint.o(.text.exint_init))
<BR><BR>[Called By]<UL><LI><a href="#[95]">&gt;&gt;</a>&nbsp;&nbsp;&nbsp;wk_exint_config
</UL>

<P><STRONG><a name="[9c]"></a>gpio_bits_reset</STRONG> (Thumb, 4 bytes, Stack size 0 bytes, at32f435_437_gpio.o(.text.gpio_bits_reset))
<BR><BR>[Called By]<UL><LI><a href="#[8c]">&gt;&gt;</a>&nbsp;&nbsp;&nbsp;wk_gpio_config
<LI><a href="#[77]">&gt;&gt;</a>&nbsp;&nbsp;&nbsp;main
<LI><a href="#[9e]">&gt;&gt;</a>&nbsp;&nbsp;&nbsp;qspi1_bb_xfer_u8
</UL>

<P><STRONG><a name="[9b]"></a>gpio_bits_set</STRONG> (Thumb, 4 bytes, Stack size 0 bytes, at32f435_437_gpio.o(.text.gpio_bits_set))
<BR><BR>[Called By]<UL><LI><a href="#[77]">&gt;&gt;</a>&nbsp;&nbsp;&nbsp;main
<LI><a href="#[9e]">&gt;&gt;</a>&nbsp;&nbsp;&nbsp;qspi1_bb_xfer_u8
</UL>

<P><STRONG><a name="[98]"></a>gpio_default_para_init</STRONG> (Thumb, 14 bytes, Stack size 0 bytes, at32f435_437_gpio.o(.text.gpio_default_para_init))
<BR><BR>[Called By]<UL><LI><a href="#[95]">&gt;&gt;</a>&nbsp;&nbsp;&nbsp;wk_exint_config
<LI><a href="#[94]">&gt;&gt;</a>&nbsp;&nbsp;&nbsp;wk_qspi2_init
<LI><a href="#[93]">&gt;&gt;</a>&nbsp;&nbsp;&nbsp;wk_qspi1_init
<LI><a href="#[92]">&gt;&gt;</a>&nbsp;&nbsp;&nbsp;wk_spi1_init
<LI><a href="#[91]">&gt;&gt;</a>&nbsp;&nbsp;&nbsp;wk_usb_otgfs1_init
<LI><a href="#[8f]">&gt;&gt;</a>&nbsp;&nbsp;&nbsp;wk_usart3_init
<LI><a href="#[8e]">&gt;&gt;</a>&nbsp;&nbsp;&nbsp;wk_usart2_init
<LI><a href="#[8d]">&gt;&gt;</a>&nbsp;&nbsp;&nbsp;wk_usart1_init
<LI><a href="#[8c]">&gt;&gt;</a>&nbsp;&nbsp;&nbsp;wk_gpio_config
<LI><a href="#[77]">&gt;&gt;</a>&nbsp;&nbsp;&nbsp;main
</UL>

<P><STRONG><a name="[9a]"></a>gpio_init</STRONG> (Thumb, 122 bytes, Stack size 20 bytes, at32f435_437_gpio.o(.text.gpio_init))
<BR><BR>[Stack]<UL><LI>Max Depth = 20<LI>Call Chain = gpio_init
</UL>
<BR>[Called By]<UL><LI><a href="#[95]">&gt;&gt;</a>&nbsp;&nbsp;&nbsp;wk_exint_config
<LI><a href="#[94]">&gt;&gt;</a>&nbsp;&nbsp;&nbsp;wk_qspi2_init
<LI><a href="#[93]">&gt;&gt;</a>&nbsp;&nbsp;&nbsp;wk_qspi1_init
<LI><a href="#[92]">&gt;&gt;</a>&nbsp;&nbsp;&nbsp;wk_spi1_init
<LI><a href="#[91]">&gt;&gt;</a>&nbsp;&nbsp;&nbsp;wk_usb_otgfs1_init
<LI><a href="#[8f]">&gt;&gt;</a>&nbsp;&nbsp;&nbsp;wk_usart3_init
<LI><a href="#[8e]">&gt;&gt;</a>&nbsp;&nbsp;&nbsp;wk_usart2_init
<LI><a href="#[8d]">&gt;&gt;</a>&nbsp;&nbsp;&nbsp;wk_usart1_init
<LI><a href="#[8c]">&gt;&gt;</a>&nbsp;&nbsp;&nbsp;wk_gpio_config
<LI><a href="#[77]">&gt;&gt;</a>&nbsp;&nbsp;&nbsp;main
</UL>

<P><STRONG><a name="[a6]"></a>gpio_input_data_bit_read</STRONG> (Thumb, 14 bytes, Stack size 0 bytes, at32f435_437_gpio.o(.text.gpio_input_data_bit_read))
<BR><BR>[Called By]<UL><LI><a href="#[9e]">&gt;&gt;</a>&nbsp;&nbsp;&nbsp;qspi1_bb_xfer_u8
</UL>

<P><STRONG><a name="[b8]"></a>gpio_pin_mux_config</STRONG> (Thumb, 44 bytes, Stack size 8 bytes, at32f435_437_gpio.o(.text.gpio_pin_mux_config))
<BR><BR>[Stack]<UL><LI>Max Depth = 8<LI>Call Chain = gpio_pin_mux_config
</UL>
<BR>[Called By]<UL><LI><a href="#[94]">&gt;&gt;</a>&nbsp;&nbsp;&nbsp;wk_qspi2_init
<LI><a href="#[93]">&gt;&gt;</a>&nbsp;&nbsp;&nbsp;wk_qspi1_init
<LI><a href="#[92]">&gt;&gt;</a>&nbsp;&nbsp;&nbsp;wk_spi1_init
<LI><a href="#[91]">&gt;&gt;</a>&nbsp;&nbsp;&nbsp;wk_usb_otgfs1_init
<LI><a href="#[8f]">&gt;&gt;</a>&nbsp;&nbsp;&nbsp;wk_usart3_init
<LI><a href="#[8e]">&gt;&gt;</a>&nbsp;&nbsp;&nbsp;wk_usart2_init
<LI><a href="#[8d]">&gt;&gt;</a>&nbsp;&nbsp;&nbsp;wk_usart1_init
</UL>

<P><STRONG><a name="[77]"></a>main</STRONG> (Thumb, 3016 bytes, Stack size 520 bytes, main.o(.text.main))
<BR><BR>[Stack]<UL><LI>Max Depth = 640 + Unknown Stack Size
<LI>Call Chain = main &rArr; qspi1_flash_program_page &rArr; qspi1_cmd_read &rArr; qspi_cmd_operation_kick
</UL>
<BR>[Calls]<UL><LI><a href="#[a4]">&gt;&gt;</a>&nbsp;&nbsp;&nbsp;__aeabi_memclr4
<LI><a href="#[a3]">&gt;&gt;</a>&nbsp;&nbsp;&nbsp;qspi_flag_get
<LI><a href="#[a2]">&gt;&gt;</a>&nbsp;&nbsp;&nbsp;qspi_cmd_operation_kick
<LI><a href="#[a1]">&gt;&gt;</a>&nbsp;&nbsp;&nbsp;qspi_interrupt_enable
<LI><a href="#[9d]">&gt;&gt;</a>&nbsp;&nbsp;&nbsp;wk_delay_us
<LI><a href="#[9c]">&gt;&gt;</a>&nbsp;&nbsp;&nbsp;gpio_bits_reset
<LI><a href="#[9b]">&gt;&gt;</a>&nbsp;&nbsp;&nbsp;gpio_bits_set
<LI><a href="#[9a]">&gt;&gt;</a>&nbsp;&nbsp;&nbsp;gpio_init
<LI><a href="#[99]">&gt;&gt;</a>&nbsp;&nbsp;&nbsp;qspi_xip_enable
<LI><a href="#[98]">&gt;&gt;</a>&nbsp;&nbsp;&nbsp;gpio_default_para_init
<LI><a href="#[84]">&gt;&gt;</a>&nbsp;&nbsp;&nbsp;usart_data_transmit
<LI><a href="#[83]">&gt;&gt;</a>&nbsp;&nbsp;&nbsp;usart_flag_get
<LI><a href="#[96]">&gt;&gt;</a>&nbsp;&nbsp;&nbsp;wk_delay_ms
<LI><a href="#[95]">&gt;&gt;</a>&nbsp;&nbsp;&nbsp;wk_exint_config
<LI><a href="#[94]">&gt;&gt;</a>&nbsp;&nbsp;&nbsp;wk_qspi2_init
<LI><a href="#[93]">&gt;&gt;</a>&nbsp;&nbsp;&nbsp;wk_qspi1_init
<LI><a href="#[92]">&gt;&gt;</a>&nbsp;&nbsp;&nbsp;wk_spi1_init
<LI><a href="#[91]">&gt;&gt;</a>&nbsp;&nbsp;&nbsp;wk_usb_otgfs1_init
<LI><a href="#[90]">&gt;&gt;</a>&nbsp;&nbsp;&nbsp;wk_acc_init
<LI><a href="#[8f]">&gt;&gt;</a>&nbsp;&nbsp;&nbsp;wk_usart3_init
<LI><a href="#[8e]">&gt;&gt;</a>&nbsp;&nbsp;&nbsp;wk_usart2_init
<LI><a href="#[8d]">&gt;&gt;</a>&nbsp;&nbsp;&nbsp;wk_usart1_init
<LI><a href="#[8c]">&gt;&gt;</a>&nbsp;&nbsp;&nbsp;wk_gpio_config
<LI><a href="#[8b]">&gt;&gt;</a>&nbsp;&nbsp;&nbsp;wk_timebase_init
<LI><a href="#[87]">&gt;&gt;</a>&nbsp;&nbsp;&nbsp;log_write_u32
<LI><a href="#[a5]">&gt;&gt;</a>&nbsp;&nbsp;&nbsp;qspi1_flash_program_page
<LI><a href="#[85]">&gt;&gt;</a>&nbsp;&nbsp;&nbsp;log_write_hex_u8
<LI><a href="#[86]">&gt;&gt;</a>&nbsp;&nbsp;&nbsp;log_write_str
<LI><a href="#[a0]">&gt;&gt;</a>&nbsp;&nbsp;&nbsp;qspi1_cmd_no_data
<LI><a href="#[9f]">&gt;&gt;</a>&nbsp;&nbsp;&nbsp;qspi1_cmd_read
<LI><a href="#[9e]">&gt;&gt;</a>&nbsp;&nbsp;&nbsp;qspi1_bb_xfer_u8
<LI><a href="#[97]">&gt;&gt;</a>&nbsp;&nbsp;&nbsp;qspi1_dump_regs
<LI><a href="#[82]">&gt;&gt;</a>&nbsp;&nbsp;&nbsp;log_write_hex_u32
<LI><a href="#[8a]">&gt;&gt;</a>&nbsp;&nbsp;&nbsp;wk_nvic_config
<LI><a href="#[89]">&gt;&gt;</a>&nbsp;&nbsp;&nbsp;wk_periph_clock_config
<LI><a href="#[88]">&gt;&gt;</a>&nbsp;&nbsp;&nbsp;wk_system_clock_config
<LI><a href="#[81]">&gt;&gt;</a>&nbsp;&nbsp;&nbsp;qspi_flag_clear
</UL>
<BR>[Called By]<UL><LI><a href="#[76]">&gt;&gt;</a>&nbsp;&nbsp;&nbsp;__rt_entry_main
</UL>

<P><STRONG><a name="[b6]"></a>nvic_irq_enable</STRONG> (Thumb, 118 bytes, Stack size 16 bytes, at32f435_437_misc.o(.text.nvic_irq_enable))
<BR><BR>[Stack]<UL><LI>Max Depth = 16<LI>Call Chain = nvic_irq_enable
</UL>
<BR>[Called By]<UL><LI><a href="#[8a]">&gt;&gt;</a>&nbsp;&nbsp;&nbsp;wk_nvic_config
</UL>

<P><STRONG><a name="[b5]"></a>nvic_priority_group_config</STRONG> (Thumb, 32 bytes, Stack size 0 bytes, at32f435_437_misc.o(.text.nvic_priority_group_config))
<BR><BR>[Called By]<UL><LI><a href="#[8a]">&gt;&gt;</a>&nbsp;&nbsp;&nbsp;wk_nvic_config
</UL>

<P><STRONG><a name="[bc]"></a>qspi_auto_ispc_enable</STRONG> (Thumb, 52 bytes, Stack size 0 bytes, at32f435_437_qspi.o(.text.qspi_auto_ispc_enable))
<BR><BR>[Called By]<UL><LI><a href="#[94]">&gt;&gt;</a>&nbsp;&nbsp;&nbsp;wk_qspi2_init
<LI><a href="#[93]">&gt;&gt;</a>&nbsp;&nbsp;&nbsp;wk_qspi1_init
</UL>

<P><STRONG><a name="[bb]"></a>qspi_busy_config</STRONG> (Thumb, 18 bytes, Stack size 0 bytes, at32f435_437_qspi.o(.text.qspi_busy_config))
<BR><BR>[Called By]<UL><LI><a href="#[94]">&gt;&gt;</a>&nbsp;&nbsp;&nbsp;wk_qspi2_init
<LI><a href="#[93]">&gt;&gt;</a>&nbsp;&nbsp;&nbsp;wk_qspi1_init
</UL>

<P><STRONG><a name="[a7]"></a>qspi_byte_read</STRONG> (Thumb, 6 bytes, Stack size 0 bytes, at32f435_437_qspi.o(.text.qspi_byte_read))
<BR><BR>[Called By]<UL><LI><a href="#[9f]">&gt;&gt;</a>&nbsp;&nbsp;&nbsp;qspi1_cmd_read
</UL>

<P><STRONG><a name="[a8]"></a>qspi_byte_write</STRONG> (Thumb, 6 bytes, Stack size 0 bytes, at32f435_437_qspi.o(.text.qspi_byte_write))
<BR><BR>[Called By]<UL><LI><a href="#[a5]">&gt;&gt;</a>&nbsp;&nbsp;&nbsp;qspi1_flash_program_page
</UL>

<P><STRONG><a name="[b9]"></a>qspi_clk_division_set</STRONG> (Thumb, 10 bytes, Stack size 0 bytes, at32f435_437_qspi.o(.text.qspi_clk_division_set))
<BR><BR>[Called By]<UL><LI><a href="#[94]">&gt;&gt;</a>&nbsp;&nbsp;&nbsp;wk_qspi2_init
<LI><a href="#[93]">&gt;&gt;</a>&nbsp;&nbsp;&nbsp;wk_qspi1_init
</UL>

<P><STRONG><a name="[a2]"></a>qspi_cmd_operation_kick</STRONG> (Thumb, 78 bytes, Stack size 8 bytes, at32f435_437_qspi.o(.text.qspi_cmd_operation_kick))
<BR><BR>[Stack]<UL><LI>Max Depth = 8<LI>Call Chain = qspi_cmd_operation_kick
</UL>
<BR>[Called By]<UL><LI><a href="#[77]">&gt;&gt;</a>&nbsp;&nbsp;&nbsp;main
<LI><a href="#[a5]">&gt;&gt;</a>&nbsp;&nbsp;&nbsp;qspi1_flash_program_page
<LI><a href="#[a0]">&gt;&gt;</a>&nbsp;&nbsp;&nbsp;qspi1_cmd_no_data
<LI><a href="#[9f]">&gt;&gt;</a>&nbsp;&nbsp;&nbsp;qspi1_cmd_read
</UL>

<P><STRONG><a name="[bd]"></a>qspi_dma_rx_threshold_set</STRONG> (Thumb, 18 bytes, Stack size 0 bytes, at32f435_437_qspi.o(.text.qspi_dma_rx_threshold_set))
<BR><BR>[Called By]<UL><LI><a href="#[94]">&gt;&gt;</a>&nbsp;&nbsp;&nbsp;wk_qspi2_init
<LI><a href="#[93]">&gt;&gt;</a>&nbsp;&nbsp;&nbsp;wk_qspi1_init
</UL>

<P><STRONG><a name="[be]"></a>qspi_dma_tx_threshold_set</STRONG> (Thumb, 18 bytes, Stack size 0 bytes, at32f435_437_qspi.o(.text.qspi_dma_tx_threshold_set))
<BR><BR>[Called By]<UL><LI><a href="#[94]">&gt;&gt;</a>&nbsp;&nbsp;&nbsp;wk_qspi2_init
<LI><a href="#[93]">&gt;&gt;</a>&nbsp;&nbsp;&nbsp;wk_qspi1_init
</UL>

<P><STRONG><a name="[81]"></a>qspi_flag_clear</STRONG> (Thumb, 4 bytes, Stack size 0 bytes, at32f435_437_qspi.o(.text.qspi_flag_clear))
<BR><BR>[Called By]<UL><LI><a href="#[77]">&gt;&gt;</a>&nbsp;&nbsp;&nbsp;main
<LI><a href="#[a5]">&gt;&gt;</a>&nbsp;&nbsp;&nbsp;qspi1_flash_program_page
<LI><a href="#[a0]">&gt;&gt;</a>&nbsp;&nbsp;&nbsp;qspi1_cmd_no_data
<LI><a href="#[9f]">&gt;&gt;</a>&nbsp;&nbsp;&nbsp;qspi1_cmd_read
<LI><a href="#[5b]">&gt;&gt;</a>&nbsp;&nbsp;&nbsp;QSPI1_IRQHandler
</UL>

<P><STRONG><a name="[a3]"></a>qspi_flag_get</STRONG> (Thumb, 38 bytes, Stack size 0 bytes, at32f435_437_qspi.o(.text.qspi_flag_get))
<BR><BR>[Called By]<UL><LI><a href="#[77]">&gt;&gt;</a>&nbsp;&nbsp;&nbsp;main
<LI><a href="#[a5]">&gt;&gt;</a>&nbsp;&nbsp;&nbsp;qspi1_flash_program_page
<LI><a href="#[a0]">&gt;&gt;</a>&nbsp;&nbsp;&nbsp;qspi1_cmd_no_data
<LI><a href="#[9f]">&gt;&gt;</a>&nbsp;&nbsp;&nbsp;qspi1_cmd_read
</UL>

<P><STRONG><a name="[a1]"></a>qspi_interrupt_enable</STRONG> (Thumb, 18 bytes, Stack size 0 bytes, at32f435_437_qspi.o(.text.qspi_interrupt_enable))
<BR><BR>[Called By]<UL><LI><a href="#[93]">&gt;&gt;</a>&nbsp;&nbsp;&nbsp;wk_qspi1_init
<LI><a href="#[77]">&gt;&gt;</a>&nbsp;&nbsp;&nbsp;main
<LI><a href="#[a5]">&gt;&gt;</a>&nbsp;&nbsp;&nbsp;qspi1_flash_program_page
<LI><a href="#[a0]">&gt;&gt;</a>&nbsp;&nbsp;&nbsp;qspi1_cmd_no_data
<LI><a href="#[9f]">&gt;&gt;</a>&nbsp;&nbsp;&nbsp;qspi1_cmd_read
</UL>

<P><STRONG><a name="[80]"></a>qspi_interrupt_flag_get</STRONG> (Thumb, 24 bytes, Stack size 0 bytes, at32f435_437_qspi.o(.text.qspi_interrupt_flag_get))
<BR><BR>[Called By]<UL><LI><a href="#[5b]">&gt;&gt;</a>&nbsp;&nbsp;&nbsp;QSPI1_IRQHandler
</UL>

<P><STRONG><a name="[ba]"></a>qspi_sck_mode_set</STRONG> (Thumb, 18 bytes, Stack size 0 bytes, at32f435_437_qspi.o(.text.qspi_sck_mode_set))
<BR><BR>[Called By]<UL><LI><a href="#[94]">&gt;&gt;</a>&nbsp;&nbsp;&nbsp;wk_qspi2_init
<LI><a href="#[93]">&gt;&gt;</a>&nbsp;&nbsp;&nbsp;wk_qspi1_init
</UL>

<P><STRONG><a name="[bf]"></a>qspi_xip_cache_bypass_set</STRONG> (Thumb, 10 bytes, Stack size 0 bytes, at32f435_437_qspi.o(.text.qspi_xip_cache_bypass_set))
<BR><BR>[Called By]<UL><LI><a href="#[94]">&gt;&gt;</a>&nbsp;&nbsp;&nbsp;wk_qspi2_init
</UL>

<P><STRONG><a name="[99]"></a>qspi_xip_enable</STRONG> (Thumb, 80 bytes, Stack size 0 bytes, at32f435_437_qspi.o(.text.qspi_xip_enable))
<BR><BR>[Called By]<UL><LI><a href="#[94]">&gt;&gt;</a>&nbsp;&nbsp;&nbsp;wk_qspi2_init
<LI><a href="#[93]">&gt;&gt;</a>&nbsp;&nbsp;&nbsp;wk_qspi1_init
<LI><a href="#[77]">&gt;&gt;</a>&nbsp;&nbsp;&nbsp;main
</UL>

<P><STRONG><a name="[b2]"></a>scfg_exint_line_config</STRONG> (Thumb, 164 bytes, Stack size 8 bytes, at32f435_437_scfg.o(.text.scfg_exint_line_config))
<BR><BR>[Stack]<UL><LI>Max Depth = 8<LI>Call Chain = scfg_exint_line_config
</UL>
<BR>[Called By]<UL><LI><a href="#[95]">&gt;&gt;</a>&nbsp;&nbsp;&nbsp;wk_exint_config
</UL>

<P><STRONG><a name="[c0]"></a>spi_default_para_init</STRONG> (Thumb, 14 bytes, Stack size 0 bytes, at32f435_437_spi.o(.text.spi_default_para_init))
<BR><BR>[Called By]<UL><LI><a href="#[92]">&gt;&gt;</a>&nbsp;&nbsp;&nbsp;wk_spi1_init
</UL>

<P><STRONG><a name="[c2]"></a>spi_enable</STRONG> (Thumb, 18 bytes, Stack size 0 bytes, at32f435_437_spi.o(.text.spi_enable))
<BR><BR>[Called By]<UL><LI><a href="#[92]">&gt;&gt;</a>&nbsp;&nbsp;&nbsp;wk_spi1_init
</UL>

<P><STRONG><a name="[c1]"></a>spi_init</STRONG> (Thumb, 282 bytes, Stack size 0 bytes, at32f435_437_spi.o(.text.spi_init))
<BR><BR>[Called By]<UL><LI><a href="#[92]">&gt;&gt;</a>&nbsp;&nbsp;&nbsp;wk_spi1_init
</UL>

<P><STRONG><a name="[a9]"></a>system_core_clock_update</STRONG> (Thumb, 116 bytes, Stack size 16 bytes, system_at32f435_437.o(.text.system_core_clock_update))
<BR><BR>[Stack]<UL><LI>Max Depth = 16<LI>Call Chain = system_core_clock_update
</UL>
<BR>[Calls]<UL><LI><a href="#[aa]">&gt;&gt;</a>&nbsp;&nbsp;&nbsp;crm_sysclk_switch_status_get
</UL>
<BR>[Called By]<UL><LI><a href="#[88]">&gt;&gt;</a>&nbsp;&nbsp;&nbsp;wk_system_clock_config
</UL>

<P><STRONG><a name="[cd]"></a>systick_clock_source_config</STRONG> (Thumb, 24 bytes, Stack size 0 bytes, at32f435_437_misc.o(.text.systick_clock_source_config))
<BR><BR>[Called By]<UL><LI><a href="#[8b]">&gt;&gt;</a>&nbsp;&nbsp;&nbsp;wk_timebase_init
</UL>

<P><STRONG><a name="[84]"></a>usart_data_transmit</STRONG> (Thumb, 8 bytes, Stack size 0 bytes, at32f435_437_usart.o(.text.usart_data_transmit))
<BR><BR>[Called By]<UL><LI><a href="#[77]">&gt;&gt;</a>&nbsp;&nbsp;&nbsp;main
<LI><a href="#[87]">&gt;&gt;</a>&nbsp;&nbsp;&nbsp;log_write_u32
<LI><a href="#[85]">&gt;&gt;</a>&nbsp;&nbsp;&nbsp;log_write_hex_u8
<LI><a href="#[86]">&gt;&gt;</a>&nbsp;&nbsp;&nbsp;log_write_str
<LI><a href="#[97]">&gt;&gt;</a>&nbsp;&nbsp;&nbsp;qspi1_dump_regs
<LI><a href="#[82]">&gt;&gt;</a>&nbsp;&nbsp;&nbsp;log_write_hex_u32
</UL>

<P><STRONG><a name="[d2]"></a>usart_enable</STRONG> (Thumb, 18 bytes, Stack size 0 bytes, at32f435_437_usart.o(.text.usart_enable))
<BR><BR>[Called By]<UL><LI><a href="#[8f]">&gt;&gt;</a>&nbsp;&nbsp;&nbsp;wk_usart3_init
<LI><a href="#[8e]">&gt;&gt;</a>&nbsp;&nbsp;&nbsp;wk_usart2_init
<LI><a href="#[8d]">&gt;&gt;</a>&nbsp;&nbsp;&nbsp;wk_usart1_init
</UL>

<P><STRONG><a name="[83]"></a>usart_flag_get</STRONG> (Thumb, 10 bytes, Stack size 0 bytes, at32f435_437_usart.o(.text.usart_flag_get))
<BR><BR>[Called By]<UL><LI><a href="#[77]">&gt;&gt;</a>&nbsp;&nbsp;&nbsp;main
<LI><a href="#[87]">&gt;&gt;</a>&nbsp;&nbsp;&nbsp;log_write_u32
<LI><a href="#[85]">&gt;&gt;</a>&nbsp;&nbsp;&nbsp;log_write_hex_u8
<LI><a href="#[86]">&gt;&gt;</a>&nbsp;&nbsp;&nbsp;log_write_str
<LI><a href="#[97]">&gt;&gt;</a>&nbsp;&nbsp;&nbsp;qspi1_dump_regs
<LI><a href="#[82]">&gt;&gt;</a>&nbsp;&nbsp;&nbsp;log_write_hex_u32
</UL>

<P><STRONG><a name="[d1]"></a>usart_hardware_flow_control_set</STRONG> (Thumb, 66 bytes, Stack size 0 bytes, at32f435_437_usart.o(.text.usart_hardware_flow_control_set))
<BR><BR>[Called By]<UL><LI><a href="#[8f]">&gt;&gt;</a>&nbsp;&nbsp;&nbsp;wk_usart3_init
<LI><a href="#[8e]">&gt;&gt;</a>&nbsp;&nbsp;&nbsp;wk_usart2_init
<LI><a href="#[8d]">&gt;&gt;</a>&nbsp;&nbsp;&nbsp;wk_usart1_init
</UL>

<P><STRONG><a name="[ab]"></a>usart_init</STRONG> (Thumb, 160 bytes, Stack size 40 bytes, at32f435_437_usart.o(.text.usart_init))
<BR><BR>[Stack]<UL><LI>Max Depth = 48<LI>Call Chain = usart_init &rArr; crm_clocks_freq_get
</UL>
<BR>[Calls]<UL><LI><a href="#[ac]">&gt;&gt;</a>&nbsp;&nbsp;&nbsp;crm_clocks_freq_get
</UL>
<BR>[Called By]<UL><LI><a href="#[8f]">&gt;&gt;</a>&nbsp;&nbsp;&nbsp;wk_usart3_init
<LI><a href="#[8e]">&gt;&gt;</a>&nbsp;&nbsp;&nbsp;wk_usart2_init
<LI><a href="#[8d]">&gt;&gt;</a>&nbsp;&nbsp;&nbsp;wk_usart1_init
</UL>

<P><STRONG><a name="[d0]"></a>usart_parity_selection_config</STRONG> (Thumb, 58 bytes, Stack size 0 bytes, at32f435_437_usart.o(.text.usart_parity_selection_config))
<BR><BR>[Called By]<UL><LI><a href="#[8f]">&gt;&gt;</a>&nbsp;&nbsp;&nbsp;wk_usart3_init
<LI><a href="#[8e]">&gt;&gt;</a>&nbsp;&nbsp;&nbsp;wk_usart2_init
<LI><a href="#[8d]">&gt;&gt;</a>&nbsp;&nbsp;&nbsp;wk_usart1_init
</UL>

<P><STRONG><a name="[cf]"></a>usart_receiver_enable</STRONG> (Thumb, 18 bytes, Stack size 0 bytes, at32f435_437_usart.o(.text.usart_receiver_enable))
<BR><BR>[Called By]<UL><LI><a href="#[8f]">&gt;&gt;</a>&nbsp;&nbsp;&nbsp;wk_usart3_init
<LI><a href="#[8e]">&gt;&gt;</a>&nbsp;&nbsp;&nbsp;wk_usart2_init
<LI><a href="#[8d]">&gt;&gt;</a>&nbsp;&nbsp;&nbsp;wk_usart1_init
</UL>

<P><STRONG><a name="[ce]"></a>usart_transmitter_enable</STRONG> (Thumb, 18 bytes, Stack size 0 bytes, at32f435_437_usart.o(.text.usart_transmitter_enable))
<BR><BR>[Called By]<UL><LI><a href="#[8f]">&gt;&gt;</a>&nbsp;&nbsp;&nbsp;wk_usart3_init
<LI><a href="#[8e]">&gt;&gt;</a>&nbsp;&nbsp;&nbsp;wk_usart2_init
<LI><a href="#[8d]">&gt;&gt;</a>&nbsp;&nbsp;&nbsp;wk_usart1_init
</UL>

<P><STRONG><a name="[90]"></a>wk_acc_init</STRONG> (Thumb, 44 bytes, Stack size 8 bytes, wk_acc.o(.text.wk_acc_init))
<BR><BR>[Stack]<UL><LI>Max Depth = 8<LI>Call Chain = wk_acc_init
</UL>
<BR>[Calls]<UL><LI><a href="#[b1]">&gt;&gt;</a>&nbsp;&nbsp;&nbsp;acc_calibration_mode_enable
<LI><a href="#[b0]">&gt;&gt;</a>&nbsp;&nbsp;&nbsp;acc_sof_select
<LI><a href="#[af]">&gt;&gt;</a>&nbsp;&nbsp;&nbsp;acc_write_c3
<LI><a href="#[ae]">&gt;&gt;</a>&nbsp;&nbsp;&nbsp;acc_write_c2
<LI><a href="#[ad]">&gt;&gt;</a>&nbsp;&nbsp;&nbsp;acc_write_c1
</UL>
<BR>[Called By]<UL><LI><a href="#[77]">&gt;&gt;</a>&nbsp;&nbsp;&nbsp;main
</UL>

<P><STRONG><a name="[96]"></a>wk_delay_ms</STRONG> (Thumb, 52 bytes, Stack size 16 bytes, wk_system.o(.text.wk_delay_ms))
<BR><BR>[Stack]<UL><LI>Max Depth = 16<LI>Call Chain = wk_delay_ms
</UL>
<BR>[Calls]<UL><LI><a href="#[9d]">&gt;&gt;</a>&nbsp;&nbsp;&nbsp;wk_delay_us
</UL>
<BR>[Called By]<UL><LI><a href="#[77]">&gt;&gt;</a>&nbsp;&nbsp;&nbsp;main
<LI><a href="#[a5]">&gt;&gt;</a>&nbsp;&nbsp;&nbsp;qspi1_flash_program_page
</UL>

<P><STRONG><a name="[9d]"></a>wk_delay_us</STRONG> (Thumb, 40 bytes, Stack size 0 bytes, wk_system.o(.text.wk_delay_us))
<BR><BR>[Called By]<UL><LI><a href="#[96]">&gt;&gt;</a>&nbsp;&nbsp;&nbsp;wk_delay_ms
<LI><a href="#[77]">&gt;&gt;</a>&nbsp;&nbsp;&nbsp;main
<LI><a href="#[a5]">&gt;&gt;</a>&nbsp;&nbsp;&nbsp;qspi1_flash_program_page
<LI><a href="#[a0]">&gt;&gt;</a>&nbsp;&nbsp;&nbsp;qspi1_cmd_no_data
<LI><a href="#[9f]">&gt;&gt;</a>&nbsp;&nbsp;&nbsp;qspi1_cmd_read
<LI><a href="#[9e]">&gt;&gt;</a>&nbsp;&nbsp;&nbsp;qspi1_bb_xfer_u8
</UL>

<P><STRONG><a name="[95]"></a>wk_exint_config</STRONG> (Thumb, 74 bytes, Stack size 40 bytes, wk_exint.o(.text.wk_exint_config))
<BR><BR>[Stack]<UL><LI>Max Depth = 60<LI>Call Chain = wk_exint_config &rArr; gpio_init
</UL>
<BR>[Calls]<UL><LI><a href="#[b4]">&gt;&gt;</a>&nbsp;&nbsp;&nbsp;exint_init
<LI><a href="#[b3]">&gt;&gt;</a>&nbsp;&nbsp;&nbsp;exint_default_para_init
<LI><a href="#[b2]">&gt;&gt;</a>&nbsp;&nbsp;&nbsp;scfg_exint_line_config
<LI><a href="#[9a]">&gt;&gt;</a>&nbsp;&nbsp;&nbsp;gpio_init
<LI><a href="#[98]">&gt;&gt;</a>&nbsp;&nbsp;&nbsp;gpio_default_para_init
</UL>
<BR>[Called By]<UL><LI><a href="#[77]">&gt;&gt;</a>&nbsp;&nbsp;&nbsp;main
</UL>

<P><STRONG><a name="[8c]"></a>wk_gpio_config</STRONG> (Thumb, 96 bytes, Stack size 32 bytes, wk_gpio.o(.text.wk_gpio_config))
<BR><BR>[Stack]<UL><LI>Max Depth = 52<LI>Call Chain = wk_gpio_config &rArr; gpio_init
</UL>
<BR>[Calls]<UL><LI><a href="#[9c]">&gt;&gt;</a>&nbsp;&nbsp;&nbsp;gpio_bits_reset
<LI><a href="#[9a]">&gt;&gt;</a>&nbsp;&nbsp;&nbsp;gpio_init
<LI><a href="#[98]">&gt;&gt;</a>&nbsp;&nbsp;&nbsp;gpio_default_para_init
</UL>
<BR>[Called By]<UL><LI><a href="#[77]">&gt;&gt;</a>&nbsp;&nbsp;&nbsp;main
</UL>

<P><STRONG><a name="[8a]"></a>wk_nvic_config</STRONG> (Thumb, 96 bytes, Stack size 8 bytes, at32f435_437_wk_config.o(.text.wk_nvic_config))
<BR><BR>[Stack]<UL><LI>Max Depth = 24<LI>Call Chain = wk_nvic_config &rArr; nvic_irq_enable
</UL>
<BR>[Calls]<UL><LI><a href="#[b6]">&gt;&gt;</a>&nbsp;&nbsp;&nbsp;nvic_irq_enable
<LI><a href="#[b5]">&gt;&gt;</a>&nbsp;&nbsp;&nbsp;nvic_priority_group_config
</UL>
<BR>[Called By]<UL><LI><a href="#[77]">&gt;&gt;</a>&nbsp;&nbsp;&nbsp;main
</UL>

<P><STRONG><a name="[89]"></a>wk_periph_clock_config</STRONG> (Thumb, 180 bytes, Stack size 8 bytes, at32f435_437_wk_config.o(.text.wk_periph_clock_config))
<BR><BR>[Stack]<UL><LI>Max Depth = 8<LI>Call Chain = wk_periph_clock_config
</UL>
<BR>[Calls]<UL><LI><a href="#[b7]">&gt;&gt;</a>&nbsp;&nbsp;&nbsp;crm_periph_clock_enable
</UL>
<BR>[Called By]<UL><LI><a href="#[77]">&gt;&gt;</a>&nbsp;&nbsp;&nbsp;main
</UL>

<P><STRONG><a name="[93]"></a>wk_qspi1_init</STRONG> (Thumb, 268 bytes, Stack size 32 bytes, wk_qspi.o(.text.wk_qspi1_init))
<BR><BR>[Stack]<UL><LI>Max Depth = 52<LI>Call Chain = wk_qspi1_init &rArr; gpio_init
</UL>
<BR>[Calls]<UL><LI><a href="#[be]">&gt;&gt;</a>&nbsp;&nbsp;&nbsp;qspi_dma_tx_threshold_set
<LI><a href="#[bd]">&gt;&gt;</a>&nbsp;&nbsp;&nbsp;qspi_dma_rx_threshold_set
<LI><a href="#[bc]">&gt;&gt;</a>&nbsp;&nbsp;&nbsp;qspi_auto_ispc_enable
<LI><a href="#[bb]">&gt;&gt;</a>&nbsp;&nbsp;&nbsp;qspi_busy_config
<LI><a href="#[ba]">&gt;&gt;</a>&nbsp;&nbsp;&nbsp;qspi_sck_mode_set
<LI><a href="#[b9]">&gt;&gt;</a>&nbsp;&nbsp;&nbsp;qspi_clk_division_set
<LI><a href="#[b8]">&gt;&gt;</a>&nbsp;&nbsp;&nbsp;gpio_pin_mux_config
<LI><a href="#[a1]">&gt;&gt;</a>&nbsp;&nbsp;&nbsp;qspi_interrupt_enable
<LI><a href="#[9a]">&gt;&gt;</a>&nbsp;&nbsp;&nbsp;gpio_init
<LI><a href="#[99]">&gt;&gt;</a>&nbsp;&nbsp;&nbsp;qspi_xip_enable
<LI><a href="#[98]">&gt;&gt;</a>&nbsp;&nbsp;&nbsp;gpio_default_para_init
</UL>
<BR>[Called By]<UL><LI><a href="#[77]">&gt;&gt;</a>&nbsp;&nbsp;&nbsp;main
</UL>

<P><STRONG><a name="[94]"></a>wk_qspi2_init</STRONG> (Thumb, 270 bytes, Stack size 40 bytes, wk_qspi.o(.text.wk_qspi2_init))
<BR><BR>[Stack]<UL><LI>Max Depth = 60<LI>Call Chain = wk_qspi2_init &rArr; gpio_init
</UL>
<BR>[Calls]<UL><LI><a href="#[bf]">&gt;&gt;</a>&nbsp;&nbsp;&nbsp;qspi_xip_cache_bypass_set
<LI><a href="#[be]">&gt;&gt;</a>&nbsp;&nbsp;&nbsp;qspi_dma_tx_threshold_set
<LI><a href="#[bd]">&gt;&gt;</a>&nbsp;&nbsp;&nbsp;qspi_dma_rx_threshold_set
<LI><a href="#[bc]">&gt;&gt;</a>&nbsp;&nbsp;&nbsp;qspi_auto_ispc_enable
<LI><a href="#[bb]">&gt;&gt;</a>&nbsp;&nbsp;&nbsp;qspi_busy_config
<LI><a href="#[ba]">&gt;&gt;</a>&nbsp;&nbsp;&nbsp;qspi_sck_mode_set
<LI><a href="#[b9]">&gt;&gt;</a>&nbsp;&nbsp;&nbsp;qspi_clk_division_set
<LI><a href="#[b8]">&gt;&gt;</a>&nbsp;&nbsp;&nbsp;gpio_pin_mux_config
<LI><a href="#[9a]">&gt;&gt;</a>&nbsp;&nbsp;&nbsp;gpio_init
<LI><a href="#[99]">&gt;&gt;</a>&nbsp;&nbsp;&nbsp;qspi_xip_enable
<LI><a href="#[98]">&gt;&gt;</a>&nbsp;&nbsp;&nbsp;gpio_default_para_init
</UL>
<BR>[Called By]<UL><LI><a href="#[77]">&gt;&gt;</a>&nbsp;&nbsp;&nbsp;main
</UL>

<P><STRONG><a name="[92]"></a>wk_spi1_init</STRONG> (Thumb, 164 bytes, Stack size 40 bytes, wk_spi.o(.text.wk_spi1_init))
<BR><BR>[Stack]<UL><LI>Max Depth = 60<LI>Call Chain = wk_spi1_init &rArr; gpio_init
</UL>
<BR>[Calls]<UL><LI><a href="#[c2]">&gt;&gt;</a>&nbsp;&nbsp;&nbsp;spi_enable
<LI><a href="#[c1]">&gt;&gt;</a>&nbsp;&nbsp;&nbsp;spi_init
<LI><a href="#[c0]">&gt;&gt;</a>&nbsp;&nbsp;&nbsp;spi_default_para_init
<LI><a href="#[b8]">&gt;&gt;</a>&nbsp;&nbsp;&nbsp;gpio_pin_mux_config
<LI><a href="#[9a]">&gt;&gt;</a>&nbsp;&nbsp;&nbsp;gpio_init
<LI><a href="#[98]">&gt;&gt;</a>&nbsp;&nbsp;&nbsp;gpio_default_para_init
</UL>
<BR>[Called By]<UL><LI><a href="#[77]">&gt;&gt;</a>&nbsp;&nbsp;&nbsp;main
</UL>

<P><STRONG><a name="[88]"></a>wk_system_clock_config</STRONG> (Thumb, 198 bytes, Stack size 8 bytes, at32f435_437_wk_config.o(.text.wk_system_clock_config))
<BR><BR>[Stack]<UL><LI>Max Depth = 24<LI>Call Chain = wk_system_clock_config &rArr; system_core_clock_update
</UL>
<BR>[Calls]<UL><LI><a href="#[a9]">&gt;&gt;</a>&nbsp;&nbsp;&nbsp;system_core_clock_update
<LI><a href="#[aa]">&gt;&gt;</a>&nbsp;&nbsp;&nbsp;crm_sysclk_switch_status_get
<LI><a href="#[cc]">&gt;&gt;</a>&nbsp;&nbsp;&nbsp;crm_sysclk_switch
<LI><a href="#[cb]">&gt;&gt;</a>&nbsp;&nbsp;&nbsp;crm_auto_step_mode_enable
<LI><a href="#[ca]">&gt;&gt;</a>&nbsp;&nbsp;&nbsp;crm_apb1_div_set
<LI><a href="#[c9]">&gt;&gt;</a>&nbsp;&nbsp;&nbsp;crm_apb2_div_set
<LI><a href="#[c8]">&gt;&gt;</a>&nbsp;&nbsp;&nbsp;crm_ahb_div_set
<LI><a href="#[c7]">&gt;&gt;</a>&nbsp;&nbsp;&nbsp;crm_pll_config
<LI><a href="#[c6]">&gt;&gt;</a>&nbsp;&nbsp;&nbsp;crm_hext_stable_wait
<LI><a href="#[c5]">&gt;&gt;</a>&nbsp;&nbsp;&nbsp;crm_flag_get
<LI><a href="#[c4]">&gt;&gt;</a>&nbsp;&nbsp;&nbsp;crm_clock_source_enable
<LI><a href="#[b7]">&gt;&gt;</a>&nbsp;&nbsp;&nbsp;crm_periph_clock_enable
<LI><a href="#[c3]">&gt;&gt;</a>&nbsp;&nbsp;&nbsp;crm_reset
</UL>
<BR>[Called By]<UL><LI><a href="#[77]">&gt;&gt;</a>&nbsp;&nbsp;&nbsp;main
</UL>

<P><STRONG><a name="[8b]"></a>wk_timebase_init</STRONG> (Thumb, 72 bytes, Stack size 32 bytes, wk_system.o(.text.wk_timebase_init))
<BR><BR>[Stack]<UL><LI>Max Depth = 40<LI>Call Chain = wk_timebase_init &rArr; crm_clocks_freq_get
</UL>
<BR>[Calls]<UL><LI><a href="#[cd]">&gt;&gt;</a>&nbsp;&nbsp;&nbsp;systick_clock_source_config
<LI><a href="#[ac]">&gt;&gt;</a>&nbsp;&nbsp;&nbsp;crm_clocks_freq_get
</UL>
<BR>[Called By]<UL><LI><a href="#[77]">&gt;&gt;</a>&nbsp;&nbsp;&nbsp;main
</UL>

<P><STRONG><a name="[8d]"></a>wk_usart1_init</STRONG> (Thumb, 140 bytes, Stack size 32 bytes, wk_usart.o(.text.wk_usart1_init))
<BR><BR>[Stack]<UL><LI>Max Depth = 80<LI>Call Chain = wk_usart1_init &rArr; usart_init &rArr; crm_clocks_freq_get
</UL>
<BR>[Calls]<UL><LI><a href="#[d2]">&gt;&gt;</a>&nbsp;&nbsp;&nbsp;usart_enable
<LI><a href="#[d1]">&gt;&gt;</a>&nbsp;&nbsp;&nbsp;usart_hardware_flow_control_set
<LI><a href="#[d0]">&gt;&gt;</a>&nbsp;&nbsp;&nbsp;usart_parity_selection_config
<LI><a href="#[cf]">&gt;&gt;</a>&nbsp;&nbsp;&nbsp;usart_receiver_enable
<LI><a href="#[ce]">&gt;&gt;</a>&nbsp;&nbsp;&nbsp;usart_transmitter_enable
<LI><a href="#[ab]">&gt;&gt;</a>&nbsp;&nbsp;&nbsp;usart_init
<LI><a href="#[b8]">&gt;&gt;</a>&nbsp;&nbsp;&nbsp;gpio_pin_mux_config
<LI><a href="#[9a]">&gt;&gt;</a>&nbsp;&nbsp;&nbsp;gpio_init
<LI><a href="#[98]">&gt;&gt;</a>&nbsp;&nbsp;&nbsp;gpio_default_para_init
</UL>
<BR>[Called By]<UL><LI><a href="#[77]">&gt;&gt;</a>&nbsp;&nbsp;&nbsp;main
</UL>

<P><STRONG><a name="[8e]"></a>wk_usart2_init</STRONG> (Thumb, 136 bytes, Stack size 32 bytes, wk_usart.o(.text.wk_usart2_init))
<BR><BR>[Stack]<UL><LI>Max Depth = 80<LI>Call Chain = wk_usart2_init &rArr; usart_init &rArr; crm_clocks_freq_get
</UL>
<BR>[Calls]<UL><LI><a href="#[d2]">&gt;&gt;</a>&nbsp;&nbsp;&nbsp;usart_enable
<LI><a href="#[d1]">&gt;&gt;</a>&nbsp;&nbsp;&nbsp;usart_hardware_flow_control_set
<LI><a href="#[d0]">&gt;&gt;</a>&nbsp;&nbsp;&nbsp;usart_parity_selection_config
<LI><a href="#[cf]">&gt;&gt;</a>&nbsp;&nbsp;&nbsp;usart_receiver_enable
<LI><a href="#[ce]">&gt;&gt;</a>&nbsp;&nbsp;&nbsp;usart_transmitter_enable
<LI><a href="#[ab]">&gt;&gt;</a>&nbsp;&nbsp;&nbsp;usart_init
<LI><a href="#[b8]">&gt;&gt;</a>&nbsp;&nbsp;&nbsp;gpio_pin_mux_config
<LI><a href="#[9a]">&gt;&gt;</a>&nbsp;&nbsp;&nbsp;gpio_init
<LI><a href="#[98]">&gt;&gt;</a>&nbsp;&nbsp;&nbsp;gpio_default_para_init
</UL>
<BR>[Called By]<UL><LI><a href="#[77]">&gt;&gt;</a>&nbsp;&nbsp;&nbsp;main
</UL>

<P><STRONG><a name="[8f]"></a>wk_usart3_init</STRONG> (Thumb, 136 bytes, Stack size 32 bytes, wk_usart.o(.text.wk_usart3_init))
<BR><BR>[Stack]<UL><LI>Max Depth = 80<LI>Call Chain = wk_usart3_init &rArr; usart_init &rArr; crm_clocks_freq_get
</UL>
<BR>[Calls]<UL><LI><a href="#[d2]">&gt;&gt;</a>&nbsp;&nbsp;&nbsp;usart_enable
<LI><a href="#[d1]">&gt;&gt;</a>&nbsp;&nbsp;&nbsp;usart_hardware_flow_control_set
<LI><a href="#[d0]">&gt;&gt;</a>&nbsp;&nbsp;&nbsp;usart_parity_selection_config
<LI><a href="#[cf]">&gt;&gt;</a>&nbsp;&nbsp;&nbsp;usart_receiver_enable
<LI><a href="#[ce]">&gt;&gt;</a>&nbsp;&nbsp;&nbsp;usart_transmitter_enable
<LI><a href="#[ab]">&gt;&gt;</a>&nbsp;&nbsp;&nbsp;usart_init
<LI><a href="#[b8]">&gt;&gt;</a>&nbsp;&nbsp;&nbsp;gpio_pin_mux_config
<LI><a href="#[9a]">&gt;&gt;</a>&nbsp;&nbsp;&nbsp;gpio_init
<LI><a href="#[98]">&gt;&gt;</a>&nbsp;&nbsp;&nbsp;gpio_default_para_init
</UL>
<BR>[Called By]<UL><LI><a href="#[77]">&gt;&gt;</a>&nbsp;&nbsp;&nbsp;main
</UL>

<P><STRONG><a name="[91]"></a>wk_usb_otgfs1_init</STRONG> (Thumb, 60 bytes, Stack size 24 bytes, wk_usb_otgfs.o(.text.wk_usb_otgfs1_init))
<BR><BR>[Stack]<UL><LI>Max Depth = 44<LI>Call Chain = wk_usb_otgfs1_init &rArr; gpio_init
</UL>
<BR>[Calls]<UL><LI><a href="#[d3]">&gt;&gt;</a>&nbsp;&nbsp;&nbsp;crm_usb_clock_source_select
<LI><a href="#[b8]">&gt;&gt;</a>&nbsp;&nbsp;&nbsp;gpio_pin_mux_config
<LI><a href="#[9a]">&gt;&gt;</a>&nbsp;&nbsp;&nbsp;gpio_init
<LI><a href="#[98]">&gt;&gt;</a>&nbsp;&nbsp;&nbsp;gpio_default_para_init
</UL>
<BR>[Called By]<UL><LI><a href="#[77]">&gt;&gt;</a>&nbsp;&nbsp;&nbsp;main
</UL>

<P><STRONG><a name="[71]"></a>_fp_init</STRONG> (Thumb, 26 bytes, Stack size 0 bytes, fpinit.o(x$fpl$fpinit))
<BR><BR>[Called By]<UL><LI><a href="#[70]">&gt;&gt;</a>&nbsp;&nbsp;&nbsp;__rt_lib_init_fp_1
</UL>

<P><STRONG><a name="[103]"></a>__fplib_config_fpu_vfp</STRONG> (Thumb, 0 bytes, Stack size unknown bytes, fpinit.o(x$fpl$fpinit), UNUSED)

<P><STRONG><a name="[104]"></a>__fplib_config_pureend_doubles</STRONG> (Thumb, 0 bytes, Stack size unknown bytes, fpinit.o(x$fpl$fpinit), UNUSED)
<P>
<H3>
Local Symbols
</H3>
<P><STRONG><a name="[82]"></a>log_write_hex_u32</STRONG> (Thumb, 250 bytes, Stack size 24 bytes, main.o(.text.log_write_hex_u32))
<BR><BR>[Stack]<UL><LI>Max Depth = 24<LI>Call Chain = log_write_hex_u32
</UL>
<BR>[Calls]<UL><LI><a href="#[84]">&gt;&gt;</a>&nbsp;&nbsp;&nbsp;usart_data_transmit
<LI><a href="#[83]">&gt;&gt;</a>&nbsp;&nbsp;&nbsp;usart_flag_get
</UL>
<BR>[Called By]<UL><LI><a href="#[77]">&gt;&gt;</a>&nbsp;&nbsp;&nbsp;main
<LI><a href="#[97]">&gt;&gt;</a>&nbsp;&nbsp;&nbsp;qspi1_dump_regs
</UL>

<P><STRONG><a name="[97]"></a>qspi1_dump_regs</STRONG> (Thumb, 1240 bytes, Stack size 32 bytes, main.o(.text.qspi1_dump_regs))
<BR><BR>[Stack]<UL><LI>Max Depth = 56<LI>Call Chain = qspi1_dump_regs &rArr; log_write_hex_u32
</UL>
<BR>[Calls]<UL><LI><a href="#[84]">&gt;&gt;</a>&nbsp;&nbsp;&nbsp;usart_data_transmit
<LI><a href="#[83]">&gt;&gt;</a>&nbsp;&nbsp;&nbsp;usart_flag_get
<LI><a href="#[82]">&gt;&gt;</a>&nbsp;&nbsp;&nbsp;log_write_hex_u32
</UL>
<BR>[Called By]<UL><LI><a href="#[77]">&gt;&gt;</a>&nbsp;&nbsp;&nbsp;main
</UL>

<P><STRONG><a name="[9e]"></a>qspi1_bb_xfer_u8</STRONG> (Thumb, 116 bytes, Stack size 24 bytes, main.o(.text.qspi1_bb_xfer_u8))
<BR><BR>[Stack]<UL><LI>Max Depth = 24<LI>Call Chain = qspi1_bb_xfer_u8
</UL>
<BR>[Calls]<UL><LI><a href="#[a6]">&gt;&gt;</a>&nbsp;&nbsp;&nbsp;gpio_input_data_bit_read
<LI><a href="#[9d]">&gt;&gt;</a>&nbsp;&nbsp;&nbsp;wk_delay_us
<LI><a href="#[9c]">&gt;&gt;</a>&nbsp;&nbsp;&nbsp;gpio_bits_reset
<LI><a href="#[9b]">&gt;&gt;</a>&nbsp;&nbsp;&nbsp;gpio_bits_set
</UL>
<BR>[Called By]<UL><LI><a href="#[77]">&gt;&gt;</a>&nbsp;&nbsp;&nbsp;main
</UL>

<P><STRONG><a name="[9f]"></a>qspi1_cmd_read</STRONG> (Thumb, 230 bytes, Stack size 56 bytes, main.o(.text.qspi1_cmd_read))
<BR><BR>[Stack]<UL><LI>Max Depth = 64<LI>Call Chain = qspi1_cmd_read &rArr; qspi_cmd_operation_kick
</UL>
<BR>[Calls]<UL><LI><a href="#[a7]">&gt;&gt;</a>&nbsp;&nbsp;&nbsp;qspi_byte_read
<LI><a href="#[a3]">&gt;&gt;</a>&nbsp;&nbsp;&nbsp;qspi_flag_get
<LI><a href="#[a2]">&gt;&gt;</a>&nbsp;&nbsp;&nbsp;qspi_cmd_operation_kick
<LI><a href="#[a1]">&gt;&gt;</a>&nbsp;&nbsp;&nbsp;qspi_interrupt_enable
<LI><a href="#[9d]">&gt;&gt;</a>&nbsp;&nbsp;&nbsp;wk_delay_us
<LI><a href="#[81]">&gt;&gt;</a>&nbsp;&nbsp;&nbsp;qspi_flag_clear
</UL>
<BR>[Called By]<UL><LI><a href="#[77]">&gt;&gt;</a>&nbsp;&nbsp;&nbsp;main
<LI><a href="#[a5]">&gt;&gt;</a>&nbsp;&nbsp;&nbsp;qspi1_flash_program_page
</UL>

<P><STRONG><a name="[a0]"></a>qspi1_cmd_no_data</STRONG> (Thumb, 118 bytes, Stack size 40 bytes, main.o(.text.qspi1_cmd_no_data))
<BR><BR>[Stack]<UL><LI>Max Depth = 48<LI>Call Chain = qspi1_cmd_no_data &rArr; qspi_cmd_operation_kick
</UL>
<BR>[Calls]<UL><LI><a href="#[a3]">&gt;&gt;</a>&nbsp;&nbsp;&nbsp;qspi_flag_get
<LI><a href="#[a2]">&gt;&gt;</a>&nbsp;&nbsp;&nbsp;qspi_cmd_operation_kick
<LI><a href="#[a1]">&gt;&gt;</a>&nbsp;&nbsp;&nbsp;qspi_interrupt_enable
<LI><a href="#[9d]">&gt;&gt;</a>&nbsp;&nbsp;&nbsp;wk_delay_us
<LI><a href="#[81]">&gt;&gt;</a>&nbsp;&nbsp;&nbsp;qspi_flag_clear
</UL>
<BR>[Called By]<UL><LI><a href="#[77]">&gt;&gt;</a>&nbsp;&nbsp;&nbsp;main
<LI><a href="#[a5]">&gt;&gt;</a>&nbsp;&nbsp;&nbsp;qspi1_flash_program_page
</UL>

<P><STRONG><a name="[86]"></a>log_write_str</STRONG> (Thumb, 84 bytes, Stack size 16 bytes, main.o(.text.log_write_str))
<BR><BR>[Stack]<UL><LI>Max Depth = 16<LI>Call Chain = log_write_str
</UL>
<BR>[Calls]<UL><LI><a href="#[84]">&gt;&gt;</a>&nbsp;&nbsp;&nbsp;usart_data_transmit
<LI><a href="#[83]">&gt;&gt;</a>&nbsp;&nbsp;&nbsp;usart_flag_get
</UL>
<BR>[Called By]<UL><LI><a href="#[77]">&gt;&gt;</a>&nbsp;&nbsp;&nbsp;main
</UL>

<P><STRONG><a name="[85]"></a>log_write_hex_u8</STRONG> (Thumb, 82 bytes, Stack size 24 bytes, main.o(.text.log_write_hex_u8))
<BR><BR>[Stack]<UL><LI>Max Depth = 24<LI>Call Chain = log_write_hex_u8
</UL>
<BR>[Calls]<UL><LI><a href="#[84]">&gt;&gt;</a>&nbsp;&nbsp;&nbsp;usart_data_transmit
<LI><a href="#[83]">&gt;&gt;</a>&nbsp;&nbsp;&nbsp;usart_flag_get
</UL>
<BR>[Called By]<UL><LI><a href="#[77]">&gt;&gt;</a>&nbsp;&nbsp;&nbsp;main
</UL>

<P><STRONG><a name="[a5]"></a>qspi1_flash_program_page</STRONG> (Thumb, 276 bytes, Stack size 56 bytes, main.o(.text.qspi1_flash_program_page))
<BR><BR>[Stack]<UL><LI>Max Depth = 120<LI>Call Chain = qspi1_flash_program_page &rArr; qspi1_cmd_read &rArr; qspi_cmd_operation_kick
</UL>
<BR>[Calls]<UL><LI><a href="#[a8]">&gt;&gt;</a>&nbsp;&nbsp;&nbsp;qspi_byte_write
<LI><a href="#[a3]">&gt;&gt;</a>&nbsp;&nbsp;&nbsp;qspi_flag_get
<LI><a href="#[a2]">&gt;&gt;</a>&nbsp;&nbsp;&nbsp;qspi_cmd_operation_kick
<LI><a href="#[a1]">&gt;&gt;</a>&nbsp;&nbsp;&nbsp;qspi_interrupt_enable
<LI><a href="#[9d]">&gt;&gt;</a>&nbsp;&nbsp;&nbsp;wk_delay_us
<LI><a href="#[96]">&gt;&gt;</a>&nbsp;&nbsp;&nbsp;wk_delay_ms
<LI><a href="#[a0]">&gt;&gt;</a>&nbsp;&nbsp;&nbsp;qspi1_cmd_no_data
<LI><a href="#[9f]">&gt;&gt;</a>&nbsp;&nbsp;&nbsp;qspi1_cmd_read
<LI><a href="#[81]">&gt;&gt;</a>&nbsp;&nbsp;&nbsp;qspi_flag_clear
</UL>
<BR>[Called By]<UL><LI><a href="#[77]">&gt;&gt;</a>&nbsp;&nbsp;&nbsp;main
</UL>

<P><STRONG><a name="[87]"></a>log_write_u32</STRONG> (Thumb, 122 bytes, Stack size 32 bytes, main.o(.text.log_write_u32))
<BR><BR>[Stack]<UL><LI>Max Depth = 32<LI>Call Chain = log_write_u32
</UL>
<BR>[Calls]<UL><LI><a href="#[84]">&gt;&gt;</a>&nbsp;&nbsp;&nbsp;usart_data_transmit
<LI><a href="#[83]">&gt;&gt;</a>&nbsp;&nbsp;&nbsp;usart_flag_get
</UL>
<BR>[Called By]<UL><LI><a href="#[77]">&gt;&gt;</a>&nbsp;&nbsp;&nbsp;main
</UL>
<P>
<H3>
Undefined Global Symbols
</H3><HR></body></html>
