<html>
<body>
<pre>
<h1>µVision Build Log</h1>
<h2>Tool Versions:</h2>
IDE-Version: ¦ÌVision V5.43.1.0
Copyright (C) 2025 ARM Ltd and ARM Germany GmbH. All rights reserved.
License Information: Li He, X, LIC=FYKYW-QJEZN-GKNBG-VESK7-ZTP5Z-5K3W8
 
Tool Versions:
Toolchain:       MDK-ARM Plus  Version: 5.43.0.0
Toolchain Path:  D:\DevTools\Keil_v5\ARM\ARMCLANG\Bin
C Compiler:      ArmClang.exe V6.24
Assembler:       Armasm.exe V6.24
Linker/Locator:  ArmLink.exe V6.24
Library Manager: ArmAr.exe V6.24
Hex Converter:   FromElf.exe V6.24
CPU DLL:         SARMCM3.DLL V5.43.0.0
Dialog DLL:      DCM.DLL V1.17.5.0
Target DLL:      CMSIS_AGDI.dll V1.33.24.0
Dialog DLL:      TCM.DLL V1.56.6.0
 
<h2>Project:</h2>
D:\Projects\EdgeTX\AT32F435ZMT7EV\project\MDK_V5\AT32F435ZMT7EV.uvprojx
Project File Date:  04/14/2026

<h2>Output:</h2>
*** Using Compiler 'V6.24', folder: 'D:\DevTools\Keil_v5\ARM\ARMCLANG\Bin'
Build target 'AT32F435ZMT7EV'
compiling main.c...
linking...
Program Size: Code=15456 RO-data=263760 RW-data=4 ZI-data=19436  
FromELF: creating hex file...
".\objects\AT32F435ZMT7EV.axf" - 0 Error(s), 0 Warning(s).

<h2>Software Packages used:</h2>

Package Vendor: ArteryTek
                
                ArteryTek::AT32F435_437_DFP@2.2.4
                ArteryTek AT32F4 Series Device Support,Drivers

<h2>Collection of Component include folders:</h2>
  D:/DevTools/Keil_v5/ARM/Packs/ArteryTek/AT32F435_437_DFP/2.2.4/Device/Include

<h2>Collection of Component Files used:</h2>
Build Time Elapsed:  00:00:01
</pre>
</body>
</html>
